Component: ARM Compiler 5.06 update 6 (build 750) Tool: armlink [4d35ed]

==============================================================================

Section Cross References

    startup_stm32f429xx.o(STACK) refers (Special) to heapauxi.o(.text) for __use_two_region_memory
    startup_stm32f429xx.o(HEAP) refers (Special) to heapauxi.o(.text) for __use_two_region_memory
    startup_stm32f429xx.o(RESET) refers (Special) to heapauxi.o(.text) for __use_two_region_memory
    startup_stm32f429xx.o(RESET) refers to startup_stm32f429xx.o(STACK) for __initial_sp
    startup_stm32f429xx.o(RESET) refers to startup_stm32f429xx.o(.text) for Reset_Handler
    startup_stm32f429xx.o(RESET) refers to stm32f4xx_it.o(i.NMI_Handler) for NMI_Handler
    startup_stm32f429xx.o(RESET) refers to stm32f4xx_it.o(i.HardFault_Handler) for HardFault_Handler
    startup_stm32f429xx.o(RESET) refers to stm32f4xx_it.o(i.MemManage_Handler) for MemManage_Handler
    startup_stm32f429xx.o(RESET) refers to stm32f4xx_it.o(i.BusFault_Handler) for BusFault_Handler
    startup_stm32f429xx.o(RESET) refers to stm32f4xx_it.o(i.UsageFault_Handler) for UsageFault_Handler
    startup_stm32f429xx.o(RESET) refers to port.o(.emb_text) for SVC_Handler
    startup_stm32f429xx.o(RESET) refers to stm32f4xx_it.o(i.DebugMon_Handler) for DebugMon_Handler
    startup_stm32f429xx.o(RESET) refers to cmsis_os2.o(i.SysTick_Handler) for SysTick_Handler
    startup_stm32f429xx.o(RESET) refers to stm32f4xx_it.o(i.DMA1_Stream1_IRQHandler) for DMA1_Stream1_IRQHandler
    startup_stm32f429xx.o(RESET) refers to stm32f4xx_it.o(i.DMA1_Stream6_IRQHandler) for DMA1_Stream6_IRQHandler
    startup_stm32f429xx.o(RESET) refers to stm32f4xx_it.o(i.TIM1_UP_TIM10_IRQHandler) for TIM1_UP_TIM10_IRQHandler
    startup_stm32f429xx.o(RESET) refers to stm32f4xx_it.o(i.USART3_IRQHandler) for USART3_IRQHandler
    startup_stm32f429xx.o(RESET) refers to stm32f4xx_it.o(i.TIM8_BRK_TIM12_IRQHandler) for TIM8_BRK_TIM12_IRQHandler
    startup_stm32f429xx.o(RESET) refers to stm32f4xx_it.o(i.TIM8_TRG_COM_TIM14_IRQHandler) for TIM8_TRG_COM_TIM14_IRQHandler
    startup_stm32f429xx.o(RESET) refers to stm32f4xx_it.o(i.DMA2_Stream0_IRQHandler) for DMA2_Stream0_IRQHandler
    startup_stm32f429xx.o(RESET) refers to stm32f4xx_it.o(i.DMA2_Stream6_IRQHandler) for DMA2_Stream6_IRQHandler
    startup_stm32f429xx.o(.text) refers (Special) to heapauxi.o(.text) for __use_two_region_memory
    startup_stm32f429xx.o(.text) refers to system_stm32f4xx.o(i.SystemInit) for SystemInit
    startup_stm32f429xx.o(.text) refers to __main.o(!!!main) for __main
    startup_stm32f429xx.o(.text) refers to startup_stm32f429xx.o(HEAP) for Heap_Mem
    startup_stm32f429xx.o(.text) refers to startup_stm32f429xx.o(STACK) for Stack_Mem
    main.o(i.HAL_TIM_PeriodElapsedCallback) refers to stm32f4xx_hal_gpio.o(i.HAL_GPIO_TogglePin) for HAL_GPIO_TogglePin
    main.o(i.HAL_TIM_PeriodElapsedCallback) refers to delay.o(i.time_set) for time_set
    main.o(i.HAL_TIM_PeriodElapsedCallback) refers to app.o(i.Send_queue) for Send_queue
    main.o(i.HAL_TIM_PeriodElapsedCallback) refers to onenet.o(i.OneNet_Send_Device_ID_Data) for OneNet_Send_Device_ID_Data
    main.o(i.HAL_TIM_PeriodElapsedCallback) refers to onenet.o(i.OneNet_SendData) for OneNet_SendData
    main.o(i.HAL_TIM_PeriodElapsedCallback) refers to pcf8574.o(i.PCF8574_WriteBit) for PCF8574_WriteBit
    main.o(i.HAL_TIM_PeriodElapsedCallback) refers to stm32f4xx_hal_tim.o(i.HAL_TIM_Base_Stop_IT) for HAL_TIM_Base_Stop_IT
    main.o(i.HAL_TIM_PeriodElapsedCallback) refers to stm32f4xx_hal.o(i.HAL_IncTick) for HAL_IncTick
    main.o(i.HAL_TIM_PeriodElapsedCallback) refers to hc-sr04.o(i.Hcsr04TimOverflowIsr) for Hcsr04TimOverflowIsr
    main.o(i.HAL_TIM_PeriodElapsedCallback) refers to main.o(.data) for .data
    main.o(i.HAL_TIM_PeriodElapsedCallback) refers to delay.o(.data) for time_flag
    main.o(i.HAL_TIM_PeriodElapsedCallback) refers to public.o(.data) for net_connect
    main.o(i.HAL_TIM_PeriodElapsedCallback) refers to main.o(.bss) for .bss
    main.o(i.HAL_TIM_PeriodElapsedCallback) refers to public.o(.data) for tem_flag
    main.o(i.HAL_TIM_PeriodElapsedCallback) refers to public.o(.data) for Hum_flag
    main.o(i.HAL_TIM_PeriodElapsedCallback) refers to public.o(.data) for Gas_flag
    main.o(i.HAL_TIM_PeriodElapsedCallback) refers to public.o(.data) for fire_flag
    main.o(i.HAL_TIM_PeriodElapsedCallback) refers to tim.o(.bss) for htim10
    main.o(i.SystemClock_Config) refers to rt_memclr_w.o(.text) for __aeabi_memclr4
    main.o(i.SystemClock_Config) refers to stm32f4xx_hal_rcc.o(i.HAL_RCC_OscConfig) for HAL_RCC_OscConfig
    main.o(i.SystemClock_Config) refers to stm32f4xx_hal_pwr_ex.o(i.HAL_PWREx_EnableOverDrive) for HAL_PWREx_EnableOverDrive
    main.o(i.SystemClock_Config) refers to stm32f4xx_hal_rcc.o(i.HAL_RCC_ClockConfig) for HAL_RCC_ClockConfig
    main.o(i.main) refers to _printf_percent.o(.ARM.Collect$$_printf_percent$$00000000) for _printf_percent
[...]
    0x08000278   0x08000278   0x00000006   Code   RO         9158    .ARM.Collect$$_printf_percent$$00000014  c_w.l(_printf_s.o)
    0x0800027e   0x0800027e   0x00000004   Code   RO         9292    .ARM.Collect$$_printf_percent$$00000017  c_w.l(_printf_percent_end.o)
    0x08000282   0x08000282   0x00000002   Code   RO         9464    .ARM.Collect$$libinit$$00000000  c_w.l(libinit.o)
    0x08000284   0x08000284   0x00000004   Code   RO         9465    .ARM.Collect$$libinit$$00000001  c_w.l(libinit2.o)
    0x08000288   0x08000288   0x00000000   Code   RO         9468    .ARM.Collect$$libinit$$00000004  c_w.l(libinit2.o)
    0x08000288   0x08000288   0x00000000   Code   RO         9471    .ARM.Collect$$libinit$$0000000A  c_w.l(libinit2.o)
    0x08000288   0x08000288   0x00000000   Code   RO         9473    .ARM.Collect$$libinit$$0000000C  c_w.l(libinit2.o)
    0x08000288   0x08000288   0x00000000   Code   RO         9475    .ARM.Collect$$libinit$$0000000E  c_w.l(libinit2.o)
    0x08000288   0x08000288   0x00000006   Code   RO         9476    .ARM.Collect$$libinit$$0000000F  c_w.l(libinit2.o)
    0x0800028e   0x0800028e   0x00000000   Code   RO         9478    .ARM.Collect$$libinit$$00000011  c_w.l(libinit2.o)
    0x0800028e   0x0800028e   0x0000000c   Code   RO         9479    .ARM.Collect$$libinit$$00000012  c_w.l(libinit2.o)
    0x0800029a   0x0800029a   0x00000000   Code   RO         9480    .ARM.Collect$$libinit$$00000013  c_w.l(libinit2.o)
    0x0800029a   0x0800029a   0x00000000   Code   RO         9482    .ARM.Collect$$libinit$$00000015  c_w.l(libinit2.o)
    0x0800029a   0x0800029a   0x0000000a   Code   RO         9483    .ARM.Collect$$libinit$$00000016  c_w.l(libinit2.o)
    0x080002a4   0x080002a4   0x00000000   Code   RO         9484    .ARM.Collect$$libinit$$00000017  c_w.l(libinit2.o)
    0x080002a4   0x080002a4   0x00000000   Code   RO         9486    .ARM.Collect$$libinit$$00000019  c_w.l(libinit2.o)
    0x080002a4   0x080002a4   0x00000000   Code   RO         9488    .ARM.Collect$$libinit$$0000001B  c_w.l(libinit2.o)
    0x080002a4   0x080002a4   0x00000000   Code   RO         9490    .ARM.Collect$$libinit$$0000001D  c_w.l(libinit2.o)
    0x080002a4   0x080002a4   0x00000000   Code   RO         9492    .ARM.Collect$$libinit$$0000001F  c_w.l(libinit2.o)
    0x080002a4   0x080002a4   0x00000000   Code   RO         9494    .ARM.Collect$$libinit$$00000021  c_w.l(libinit2.o)
    0x080002a4   0x080002a4   0x00000000   Code   RO         9496    .ARM.Collect$$libinit$$00000023  c_w.l(libinit2.o)
    0x080002a4   0x080002a4   0x00000000   Code   RO         9498    .ARM.Collect$$libinit$$00000025  c_w.l(libinit2.o)
    0x080002a4   0x080002a4   0x00000000   Code   RO         9502    .ARM.Collect$$libinit$$0000002C  c_w.l(libinit2.o)
    0x080002a4   0x080002a4   0x00000000   Code   RO         9504    .ARM.Collect$$libinit$$0000002E  c_w.l(libinit2.o)
    0x080002a4   0x080002a4   0x00000000   Code   RO         9506    .ARM.Collect$$libinit$$00000030  c_w.l(libinit2.o)
    0x080002a4   0x080002a4   0x00000000   Code   RO         9508    .ARM.Collect$$libinit$$00000032  c_w.l(libinit2.o)
    0x080002a4   0x080002a4   0x00000002   Code   RO         9509    .ARM.Collect$$libinit$$00000033  c_w.l(libinit2.o)
    0x080002a6   0x080002a6   0x00000002   Code   RO         9579    .ARM.Collect$$libshutdown$$00000000  c_w.l(libshutdown.o)
    0x080002a8   0x080002a8   0x00000000   Code   RO         9598    .ARM.Collect$$libshutdown$$00000002  c_w.l(libshutdown2.o)
    0x080002a8   0x080002a8   0x00000000   Code   RO         9600    .ARM.Collect$$libshutdown$$00000004  c_w.l(libshutdown2.o)
    0x080002a8   0x080002a8   0x00000000   Code   RO         9603    .ARM.Collect$$libshutdown$$00000007  c_w.l(libshutdown2.o)
    0x080002a8   0x080002a8   0x00000000   Code   RO         9606    .ARM.Collect$$libshutdown$$0000000A  c_w.l(libshutdown2.o)
    0x080002a8   0x080002a8   0x00000000   Code   RO         9608    .ARM.Collect$$libshutdown$$0000000C  c_w.l(libshutdown2.o)
    0x080002a8   0x080002a8   0x00000000   Code   RO         9611    .ARM.Collect$$libshutdown$$0000000F  c_w.l(libshutdown2.o)
    0x080002a8   0x080002a8   0x00000002   Code   RO         9612    .ARM.Collect$$libshutdown$$00000010  c_w.l(libshutdown2.o)
    0x080002aa   0x080002aa   0x00000000   Code   RO         9266    .ARM.Collect$$rtentry$$00000000  c_w.l(__rtentry.o)
    0x080002aa   0x080002aa   0x00000000   Code   RO         9353    .ARM.Collect$$rtentry$$00000002  c_w.l(__rtentry2.o)
    0x080002aa   0x080002aa   0x00000006   Code   RO         9365    .ARM.Collect$$rtentry$$00000004  c_w.l(__rtentry4.o)
    0x080002b0   0x080002b0   0x00000000   Code   RO         9355    .ARM.Collect$$rtentry$$00000009  c_w.l(__rtentry2.o)
    0x080002b0   0x080002b0   0x00000004   Code   RO         9356    .ARM.Collect$$rtentry$$0000000A  c_w.l(__rtentry2.o)
    0x080002b4   0x080002b4   0x00000000   Code   RO         9358    .ARM.Collect$$rtentry$$0000000C  c_w.l(__rtentry2.o)
    0x080002b4   0x080002b4   0x00000008   Code   RO         9359    .ARM.Collect$$rtentry$$0000000D  c_w.l(__rtentry2.o)
    0x080002bc   0x080002bc   0x00000002   Code   RO         9518    .ARM.Collect$$rtexit$$00000000  c_w.l(rtexit.o)
    0x080002be   0x080002be   0x00000000   Code   RO         9551    .ARM.Collect$$rtexit$$00000002  c_w.l(rtexit2.o)
    0x080002be   0x080002be   0x00000004   Code   RO         9552    .ARM.Collect$$rtexit$$00000003  c_w.l(rtexit2.o)
    0x080002c2   0x080002c2   0x00000006   Code   RO         9553    .ARM.Collect$$rtexit$$00000004  c_w.l(rtexit2.o)
    0x080002c8   0x080002c8   0x000000be   Code   RO         9016    .emb_text           port.o
    0x08000386   0x08000386   0x00000002   PAD
    0x08000388   0x08000388   0x00000040   Code   RO            4    .text               startup_stm32f429xx.o
    0x080003c8   0x080003c8   0x00000002   Code   RO         9095    .text               c_w.l(use_no_semi_2.o)
    0x080003ca   0x080003ca   0x000000ee   Code   RO         9097    .text               c_w.l(lludivv7m.o)
    0x080004b8   0x080004b8   0x0000001a   Code   RO         9099    .text               c_w.l(tolower.o)
    0x080004d2   0x080004d2   0x00000002   PAD
    0x080004d4   0x080004d4   0x00000018   Code   RO         9105    .text               c_w.l(noretval__2printf.o)
    0x080004ec   0x080004ec   0x00000028   Code   RO         9107    .text               c_w.l(noretval__2sprintf.o)
    0x08000514   0x08000514   0x0000004e   Code   RO         9111    .text               c_w.l(_printf_pad.o)
    0x08000562   0x08000562   0x00000052   Code   RO         9113    .text               c_w.l(_printf_str.o)
    0x080005b4   0x080005b4   0x00000078   Code   RO         9115    .text               c_w.l(_printf_dec.o)
    0x0800062c   0x0800062c   0x00000058   Code   RO         9120    .text               c_w.l(_printf_hex_int.o)
    0x08000684   0x08000684   0x00000138   Code   RO         9150    .text               c_w.l(__printf_flags_wp.o)
    0x080007bc   0x080007bc   0x0000003c   Code   RO         9164    .text               c_w.l(__0sscanf.o)
    0x080007f8   0x080007f8   0x0000014c   Code   RO         9166    .text               c_w.l(_scanf_int.o)
    0x08000944   0x08000944   0x0000001a   Code   RO         9168    .text               c_w.l(atoi.o)
    0x0800095e   0x0800095e   0x00000014   Code   RO         9170    .text               c_w.l(strchr.o)
    0x08000972   0x08000972   0x00000024   Code   RO         9172    .text               c_w.l(strncat.o)
    0x08000996   0x08000996   0x00000024   Code   RO         9174    .text               c_w.l(strstr.o)
    0x080009ba   0x080009ba   0x00000048   Code   RO         9176    .text               c_w.l(strcpy.o)
    0x08000a02   0x08000a02   0x0000003e   Code   RO         9178    .text               c_w.l(strlen.o)
    0x08000a40   0x08000a40   0x00000096   Code   RO         9180    .text               c_w.l(strncmp.o)
    0x08000ad6   0x08000ad6   0x0000008a   Code   RO         9182    .text               c_w.l(rt_memcpy_v6.o)
    0x08000b60   0x08000b60   0x00000064   Code   RO         9184    .text               c_w.l(rt_memcpy_w.o)
    0x08000bc4   0x08000bc4   0x00000010   Code   RO         9188    .text               c_w.l(aeabi_memset.o)
    0x08000bd4   0x08000bd4   0x00000044   Code   RO         9190    .text               c_w.l(rt_memclr.o)
    0x08000c18   0x08000c18   0x0000004e   Code   RO         9192    .text               c_w.l(rt_memclr_w.o)
    0x08000c66   0x08000c66   0x00000006   Code   RO         9194    .text               c_w.l(heapauxi.o)
    0x08000c6c   0x08000c6c   0x00000002   Code   RO         9264    .text               c_w.l(use_no_semi.o)
    0x08000c6e   0x08000c6e   0x00000002   PAD
    0x08000c70   0x08000c70   0x00000010   Code   RO         9267    .text               c_w.l(rt_ctype_table.o)
    0x08000c80   0x08000c80   0x00000008   Code   RO         9276    .text               c_w.l(rt_errno_addr_intlibspace.o)
    0x08000c88   0x08000c88   0x00000016   Code   RO         9278    .text               c_w.l(_rserrno.o)
    0x08000c9e   0x08000c9e   0x000000b2   Code   RO         9280    .text               c_w.l(_printf_intcommon.o)
    0x08000d50   0x08000d50   0x0000041e   Code   RO         9282    .text               c_w.l(_printf_fp_dec.o)
    0x0800116e   0x0800116e   0x00000002   PAD
    0x08001170   0x08001170   0x00000030   Code   RO         9284    .text               c_w.l(_printf_char_common.o)
    0x080011a0   0x080011a0   0x0000000a   Code   RO         9286    .text               c_w.l(_sputc.o)
    0x080011aa   0x080011aa   0x0000002c   Code   RO         9288    .text               c_w.l(_printf_char.o)
    0x080011d6   0x080011d6   0x00000002   PAD
    0x080011d8   0x080011d8   0x00000024   Code   RO         9290    .text               c_w.l(_printf_char_file.o)
    0x080011fc   0x080011fc   0x0000001c   Code   RO         9293    .text               c_w.l(_chval.o)
    0x08001218   0x08001218   0x000004f8   Code   RO         9295    .text               c_w.l(scanf_fp.o)
    0x08001710   0x08001710   0x0000002c   Code   RO         9297    .text               c_w.l(scanf_char.o)
    0x0800173c   0x0800173c   0x00000040   Code   RO         9299    .text               c_w.l(_sgetc.o)
    0x0800177c   0x0800177c   0x00000070   Code   RO         9301    .text               c_w.l(strtol.o)
    0x080017ec   0x080017ec   0x00000008   Code   RO         9349    .text               c_w.l(libspace.o)
    0x080017f4   0x080017f4   0x00000008   Code   RO         9372    .text               c_w.l(rt_locale_intlibspace.o)
    0x080017fc   0x080017fc   0x0000008a   Code   RO         9374    .text               c_w.l(lludiv10.o)
    0x08001886   0x08001886   0x00000012   Code   RO         9376    .text               c_w.l(isspace.o)
    0x08001898   0x08001898   0x00000080   Code   RO         9378    .text               c_w.l(_printf_fp_infnan.o)
    0x08001918   0x08001918   0x00000374   Code   RO         9382    .text               c_w.l(_scanf.o)
    0x08001c8c   0x08001c8c   0x0000009e   Code   RO         9384    .text               c_w.l(_strtoul.o)
    0x08001d2a   0x08001d2a   0x00000002   PAD
    0x08001d2c   0x08001d2c   0x000000e4   Code   RO         9386    .text               c_w.l(bigflt0.o)
    0x08001e10   0x08001e10   0x00000008   Code   RO         9411    .text               c_w.l(ferror.o)
    0x08001e18   0x08001e18   0x0000004a   Code   RO         9445    .text               c_w.l(sys_stackheap_outer.o)
    0x08001e62   0x08001e62   0x00000002   PAD
    0x08001e64   0x08001e64   0x00000320   Code   RO         9447    .text               c_w.l(scanf_hexfp.o)
    0x08002184   0x08002184   0x00000134   Code   RO         9449    .text               c_w.l(scanf_infnan.o)
    0x080022b8   0x080022b8   0x00000012   Code   RO         9451    .text               c_w.l(exit.o)
    0x080022ca   0x080022ca   0x00000002   PAD
    0x080022cc   0x080022cc   0x00000080   Code   RO         9457    .text               c_w.l(strcmpv7m.o)
    0x0800234c   0x0800234c   0x00000026   Code   RO         9522    .text               c_w.l(llshl.o)
    0x08002372   0x08002372   0x0000003e   Code   RO         9389    CL$$btod_d2e        c_w.l(btod.o)
    0x080023b0   0x080023b0   0x00000046   Code   RO         9391    CL$$btod_d2e_denorm_low  c_w.l(btod.o)
    0x080023f6   0x080023f6   0x00000060   Code   RO         9390    CL$$btod_d2e_norm_op1  c_w.l(btod.o)
    0x08002456   0x08002456   0x00000338   Code   RO         9399    CL$$btod_div_common  c_w.l(btod.o)
    0x0800278e   0x0800278e   0x00000002   PAD
    0x08002790   0x08002790   0x00000084   Code   RO         9397    CL$$btod_e2d        c_w.l(btod.o)
    0x08002814   0x08002814   0x000000dc   Code   RO         9396    CL$$btod_e2e        c_w.l(btod.o)
    0x080028f0   0x080028f0   0x0000002a   Code   RO         9393    CL$$btod_ediv       c_w.l(btod.o)
    0x0800291a   0x0800291a   0x0000002a   Code   RO         9395    CL$$btod_edivd      c_w.l(btod.o)
    0x08002944   0x08002944   0x0000002a   Code   RO         9392    CL$$btod_emul       c_w.l(btod.o)
    0x0800296e   0x0800296e   0x0000002a   Code   RO         9394    CL$$btod_emuld      c_w.l(btod.o)
    0x08002998   0x08002998   0x00000244   Code   RO         9398    CL$$btod_mult_common  c_w.l(btod.o)
    0x08002bdc   0x08002bdc   0x0000006e   Code   RO         3154    i.ADC_DMAConvCplt   stm32f4xx_hal_adc.o
    0x08002c4a   0x08002c4a   0x00000016   Code   RO         3155    i.ADC_DMAError      stm32f4xx_hal_adc.o
    0x08002c60   0x08002c60   0x0000000a   Code   RO         3156    i.ADC_DMAHalfConvCplt  stm32f4xx_hal_adc.o
    0x08002c6a   0x08002c6a   0x00000002   PAD
    0x08002c6c   0x08002c6c   0x00000128   Code   RO         3157    i.ADC_Init          stm32f4xx_hal_adc.o
    0x08002d94   0x08002d94   0x00000054   Code   RO         1403    i.AT24C02_Check     24c02.o
    0x08002de8   0x08002de8   0x00000024   Code   RO         1404    i.AT24C02_read      24c02.o
    0x08002e0c   0x08002e0c   0x000000c0   Code   RO         1405    i.AT24C02_write     24c02.o
    0x08002ecc   0x08002ecc   0x00000002   Code   RO          833    i.BusFault_Handler  stm32f4xx_it.o
    0x08002ece   0x08002ece   0x00000018   Code   RO         1959    i.ClearBitMask      rc522.o
    0x08002ee6   0x08002ee6   0x00000002   PAD
    0x08002ee8   0x08002ee8   0x00000064   Code   RO         1503    i.DHT11_Check       dht11.o
    0x08002f4c   0x08002f4c   0x0000000e   Code   RO         1504    i.DHT11_Init        dht11.o
    0x08002f5a   0x08002f5a   0x00000002   PAD
    0x08002f5c   0x08002f5c   0x0000004c   Code   RO         1505    i.DHT11_Read_Bit    dht11.o
    0x08002fa8   0x08002fa8   0x0000001a   Code   RO         1506    i.DHT11_Read_Byte   dht11.o
    0x08002fc2   0x08002fc2   0x00000002   PAD
    0x08002fc4   0x08002fc4   0x000000ac   Code   RO         1507    i.DHT11_Read_Data   dht11.o
    0x08003070   0x08003070   0x0000003c   Code   RO         1508    i.DHT11_Rst         dht11.o
    0x080030ac   0x080030ac   0x0000000c   Code   RO          834    i.DMA1_Stream1_IRQHandler  stm32f4xx_it.o
    0x080030b8   0x080030b8   0x0000000c   Code   RO          835    i.DMA1_Stream6_IRQHandler  stm32f4xx_it.o
    0x080030c4   0x080030c4   0x0000000c   Code   RO          836    i.DMA2_Stream0_IRQHandler  stm32f4xx_it.o
    0x080030d0   0x080030d0   0x0000000c   Code   RO          837    i.DMA2_Stream6_IRQHandler  stm32f4xx_it.o
    0x080030dc   0x080030dc   0x00000028   Code   RO         3943    i.DMA_CalcBaseAndBitshift  stm32f4xx_hal_dma.o
    0x08003104   0x08003104   0x00000054   Code   RO         3944    i.DMA_CheckFifoParam  stm32f4xx_hal_dma.o
    0x08003158   0x08003158   0x00000028   Code   RO         3945    i.DMA_SetConfig     stm32f4xx_hal_dma.o
    0x08003180   0x08003180   0x00000002   Code   RO          838    i.DebugMon_Handler  stm32f4xx_it.o
    0x08003182   0x08003182   0x00000002   PAD
    0x08003184   0x08003184   0x0000001c   Code   RO         3005    i.ESP8266_Clear     wifi.o
    0x080031a0   0x080031a0   0x00000038   Code   RO         3006    i.ESP8266_GetIPD    wifi.o
    0x080031d8   0x080031d8   0x00000258   Code   RO         3007    i.ESP8266_Init      wifi.o
    0x08003430   0x08003430   0x000000b4   Code   RO         3008    i.ESP8266_SendCmd   wifi.o
    0x080034e4   0x080034e4   0x000000ec   Code   RO         3009    i.ESP8266_SendData  wifi.o
    0x080035d0   0x080035d0   0x00000004   Code   RO           13    i.Error_Handler     main.o
    0x080035d4   0x080035d4   0x0000003c   Code   RO         4654    i.FMC_NORSRAM_Extended_Timing_Init  stm32f4xx_ll_fmc.o
    0x08003610   0x08003610   0x00000080   Code   RO         4655    i.FMC_NORSRAM_Init  stm32f4xx_ll_fmc.o
    0x08003690   0x08003690   0x00000064   Code   RO         4656    i.FMC_NORSRAM_Timing_Init  stm32f4xx_ll_fmc.o
    0x080036f4   0x080036f4   0x00000066   Code   RO         4666    i.FMC_SDRAM_Init    stm32f4xx_ll_fmc.o
    0x0800375a   0x0800375a   0x00000012   Code   RO         4667    i.FMC_SDRAM_ProgramRefreshRate  stm32f4xx_ll_fmc.o
    0x0800376c   0x0800376c   0x0000004e   Code   RO         4668    i.FMC_SDRAM_SendCommand  stm32f4xx_ll_fmc.o
    0x080037ba   0x080037ba   0x00000002   PAD
    0x080037bc   0x080037bc   0x000000a4   Code   RO         4670    i.FMC_SDRAM_Timing_Init  stm32f4xx_ll_fmc.o
    0x08003860   0x08003860   0x00000190   Code   RO         2902    i.Full_Json         onenet.o
    0x080039f0   0x080039f0   0x00000098   Code   RO         2134    i.Get_HzMat         text.o
    0x08003a88   0x08003a88   0x00000164   Code   RO         3159    i.HAL_ADC_ConfigChannel  stm32f4xx_hal_adc.o
    0x08003bec   0x08003bec   0x00000002   Code   RO         3160    i.HAL_ADC_ConvCpltCallback  stm32f4xx_hal_adc.o
    0x08003bee   0x08003bee   0x00000002   Code   RO         3161    i.HAL_ADC_ConvHalfCpltCallback  stm32f4xx_hal_adc.o
    0x08003bf0   0x08003bf0   0x00000002   Code   RO         3163    i.HAL_ADC_ErrorCallback  stm32f4xx_hal_adc.o
    0x08003bf2   0x08003bf2   0x00000054   Code   RO         3168    i.HAL_ADC_Init      stm32f4xx_hal_adc.o
    0x08003c46   0x08003c46   0x00000002   PAD
    0x08003c48   0x08003c48   0x0000009c   Code   RO          416    i.HAL_ADC_MspInit   adc.o
    0x08003ce4   0x08003ce4   0x00000154   Code   RO         3175    i.HAL_ADC_Start_DMA  stm32f4xx_hal_adc.o
    0x08003e38   0x08003e38   0x00000092   Code   RO         3946    i.HAL_DMA_Abort     stm32f4xx_hal_dma.o
    0x08003eca   0x08003eca   0x00000024   Code   RO         3947    i.HAL_DMA_Abort_IT  stm32f4xx_hal_dma.o
    0x08003eee   0x08003eee   0x00000002   PAD
    0x08003ef0   0x08003ef0   0x000001a0   Code   RO         3951    i.HAL_DMA_IRQHandler  stm32f4xx_hal_dma.o
    0x08004090   0x08004090   0x000000d4   Code   RO         3952    i.HAL_DMA_Init      stm32f4xx_hal_dma.o
    0x08004164   0x08004164   0x0000006e   Code   RO         3956    i.HAL_DMA_Start_IT  stm32f4xx_hal_dma.o
    0x080041d2   0x080041d2   0x00000002   PAD
    0x080041d4   0x080041d4   0x00000018   Code   RO         1442    i.HAL_Delay         delay.o
    0x080041ec   0x080041ec   0x000000c0   Code   RO          482    i.HAL_FMC_MspInit   fmc.o
    0x080042ac   0x080042ac   0x00000234   Code   RO         3839    i.HAL_GPIO_Init     stm32f4xx_hal_gpio.o
    0x080044e0   0x080044e0   0x0000000a   Code   RO         3841    i.HAL_GPIO_ReadPin  stm32f4xx_hal_gpio.o
    0x080044ea   0x080044ea   0x00000010   Code   RO         3842    i.HAL_GPIO_TogglePin  stm32f4xx_hal_gpio.o
    0x080044fa   0x080044fa   0x0000000a   Code   RO         3843    i.HAL_GPIO_WritePin  stm32f4xx_hal_gpio.o
    0x08004504   0x08004504   0x0000000c   Code   RO         4391    i.HAL_GetTick       stm32f4xx_hal.o
    0x08004510   0x08004510   0x00000042   Code   RO         5564    i.HAL_I2CEx_ConfigAnalogFilter  stm32f4xx_hal_i2c_ex.o
    0x08004552   0x08004552   0x0000003e   Code   RO         5565    i.HAL_I2CEx_ConfigDigitalFilter  stm32f4xx_hal_i2c_ex.o
    0x08004590   0x08004590   0x00000188   Code   RO         5143    i.HAL_I2C_Init      stm32f4xx_hal_i2c.o
    0x08004718   0x08004718   0x000001e0   Code   RO         5149    i.HAL_I2C_Master_Receive  stm32f4xx_hal_i2c.o
    0x080048f8   0x080048f8   0x0000012c   Code   RO         5156    i.HAL_I2C_Master_Transmit  stm32f4xx_hal_i2c.o
    0x08004a24   0x08004a24   0x000001f8   Code   RO         5161    i.HAL_I2C_Mem_Read  stm32f4xx_hal_i2c.o
    0x08004c1c   0x08004c1c   0x00000130   Code   RO         5164    i.HAL_I2C_Mem_Write  stm32f4xx_hal_i2c.o
    0x08004d4c   0x08004d4c   0x00000068   Code   RO          547    i.HAL_I2C_MspInit   i2c.o
    0x08004db4   0x08004db4   0x0000000c   Code   RO         5595    i.HAL_IWDG_Refresh  stm32f4xx_hal_iwdg.o
    0x08004dc0   0x08004dc0   0x00000010   Code   RO         4397    i.HAL_IncTick       stm32f4xx_hal.o
    0x08004dd0   0x08004dd0   0x00000034   Code   RO         4398    i.HAL_Init          stm32f4xx_hal.o
    0x08004e04   0x08004e04   0x00000098   Code   RO          973    i.HAL_InitTick      stm32f4xx_hal_timebase_tim.o
    0x08004e9c   0x08004e9c   0x00000038   Code   RO          949    i.HAL_MspInit       stm32f4xx_hal_msp.o
    0x08004ed4   0x08004ed4   0x0000001a   Code   RO         4246    i.HAL_NVIC_EnableIRQ  stm32f4xx_hal_cortex.o
    0x08004eee   0x08004eee   0x00000002   PAD
    0x08004ef0   0x08004ef0   0x00000040   Code   RO         4252    i.HAL_NVIC_SetPriority  stm32f4xx_hal_cortex.o
    0x08004f30   0x08004f30   0x00000024   Code   RO         4253    i.HAL_NVIC_SetPriorityGrouping  stm32f4xx_hal_cortex.o
    0x08004f54   0x08004f54   0x00000070   Code   RO         4175    i.HAL_PWREx_EnableOverDrive  stm32f4xx_hal_pwr_ex.o
    0x08004fc4   0x08004fc4   0x00000134   Code   RO         3433    i.HAL_RCC_ClockConfig  stm32f4xx_hal_rcc.o
    0x080050f8   0x080050f8   0x00000040   Code   RO         3437    i.HAL_RCC_GetClockConfig  stm32f4xx_hal_rcc.o
    0x08005138   0x08005138   0x00000020   Code   RO         3440    i.HAL_RCC_GetPCLK1Freq  stm32f4xx_hal_rcc.o
    0x08005158   0x08005158   0x00000020   Code   RO         3441    i.HAL_RCC_GetPCLK2Freq  stm32f4xx_hal_rcc.o
    0x08005178   0x08005178   0x00000064   Code   RO         3442    i.HAL_RCC_GetSysClockFreq  stm32f4xx_hal_rcc.o
    0x080051dc   0x080051dc   0x0000036c   Code   RO         3445    i.HAL_RCC_OscConfig  stm32f4xx_hal_rcc.o
    0x08005548   0x08005548   0x00000042   Code   RO         4967    i.HAL_SDRAM_Init    stm32f4xx_hal_sdram.o
    0x0800558a   0x0800558a   0x00000004   Code   RO          484    i.HAL_SDRAM_MspInit  fmc.o
    0x0800558e   0x0800558e   0x0000002e   Code   RO         4970    i.HAL_SDRAM_ProgramRefreshRate  stm32f4xx_hal_sdram.o
    0x080055bc   0x080055bc   0x0000003c   Code   RO         4976    i.HAL_SDRAM_SendCommand  stm32f4xx_hal_sdram.o
    0x080055f8   0x080055f8   0x000000bc   Code   RO         5635    i.HAL_SPI_Init      stm32f4xx_hal_spi.o
    0x080056b4   0x080056b4   0x000000b0   Code   RO          619    i.HAL_SPI_MspInit   spi.o
    0x08005764   0x08005764   0x00000166   Code   RO         5643    i.HAL_SPI_Transmit  stm32f4xx_hal_spi.o
    0x080058ca   0x080058ca   0x000001e2   Code   RO         5644    i.HAL_SPI_TransmitReceive  stm32f4xx_hal_spi.o
    0x08005aac   0x08005aac   0x0000005c   Code   RO         4830    i.HAL_SRAM_Init     stm32f4xx_hal_sram.o
    0x08005b08   0x08005b08   0x00000004   Code   RO          486    i.HAL_SRAM_MspInit  fmc.o
    0x08005b0c   0x08005b0c   0x00000002   Code   RO         6652    i.HAL_TIMEx_BreakCallback  stm32f4xx_hal_tim_ex.o
    0x08005b0e   0x08005b0e   0x00000002   Code   RO         6653    i.HAL_TIMEx_CommutCallback  stm32f4xx_hal_tim_ex.o
    0x08005b10   0x08005b10   0x00000090   Code   RO         6671    i.HAL_TIMEx_MasterConfigSynchronization  stm32f4xx_hal_tim_ex.o
    0x08005ba0   0x08005ba0   0x0000005a   Code   RO         5948    i.HAL_TIM_Base_Init  stm32f4xx_hal_tim.o
    0x08005bfa   0x08005bfa   0x00000002   PAD
    0x08005bfc   0x08005bfc   0x00000138   Code   RO          679    i.HAL_TIM_Base_MspInit  tim.o
    0x08005d34   0x08005d34   0x00000078   Code   RO         5951    i.HAL_TIM_Base_Start  stm32f4xx_hal_tim.o
    0x08005dac   0x08005dac   0x00000080   Code   RO         5953    i.HAL_TIM_Base_Start_IT  stm32f4xx_hal_tim.o
    0x08005e2c   0x08005e2c   0x00000030   Code   RO         5956    i.HAL_TIM_Base_Stop_IT  stm32f4xx_hal_tim.o
    0x08005e5c   0x08005e5c   0x000000dc   Code   RO         5957    i.HAL_TIM_ConfigClockSource  stm32f4xx_hal_tim.o
    0x08005f38   0x08005f38   0x00000004   Code   RO          839    i.HAL_TIM_IC_CaptureCallback  stm32f4xx_it.o
    0x08005f3c   0x08005f3c   0x0000011e   Code   RO         5984    i.HAL_TIM_IC_ConfigChannel  stm32f4xx_hal_tim.o
    0x0800605a   0x0800605a   0x0000005a   Code   RO         5987    i.HAL_TIM_IC_Init   stm32f4xx_hal_tim.o
    0x080060b4   0x080060b4   0x00000002   Code   RO         5989    i.HAL_TIM_IC_MspInit  stm32f4xx_hal_tim.o
    0x080060b6   0x080060b6   0x00000002   PAD
    0x080060b8   0x080060b8   0x0000010c   Code   RO         5992    i.HAL_TIM_IC_Start_IT  stm32f4xx_hal_tim.o
    0x080061c4   0x080061c4   0x00000166   Code   RO         5996    i.HAL_TIM_IRQHandler  stm32f4xx_hal_tim.o
    0x0800632a   0x0800632a   0x00000002   PAD
    0x0800632c   0x0800632c   0x000000a4   Code   RO          680    i.HAL_TIM_MspPostInit  tim.o
    0x080063d0   0x080063d0   0x00000002   Code   RO         5999    i.HAL_TIM_OC_DelayElapsedCallback  stm32f4xx_hal_tim.o
    0x080063d2   0x080063d2   0x000000cc   Code   RO         6020    i.HAL_TIM_PWM_ConfigChannel  stm32f4xx_hal_tim.o
    0x0800649e   0x0800649e   0x0000005a   Code   RO         6023    i.HAL_TIM_PWM_Init  stm32f4xx_hal_tim.o
    0x080064f8   0x080064f8   0x00000002   Code   RO         6025    i.HAL_TIM_PWM_MspInit  stm32f4xx_hal_tim.o
    0x080064fa   0x080064fa   0x00000002   Code   RO         6026    i.HAL_TIM_PWM_PulseFinishedCallback  stm32f4xx_hal_tim.o
    0x080064fc   0x080064fc   0x000000c8   Code   RO         6028    i.HAL_TIM_PWM_Start  stm32f4xx_hal_tim.o
    0x080065c4   0x080065c4   0x000001bc   Code   RO           14    i.HAL_TIM_PeriodElapsedCallback  main.o
    0x08006780   0x08006780   0x0000002a   Code   RO         6036    i.HAL_TIM_ReadCapturedValue  stm32f4xx_hal_tim.o
    0x080067aa   0x080067aa   0x00000002   Code   RO         6039    i.HAL_TIM_TriggerCallback  stm32f4xx_hal_tim.o
    0x080067ac   0x080067ac   0x00000002   Code   RO         6930    i.HAL_UARTEx_RxEventCallback  stm32f4xx_hal_uart.o
    0x080067ae   0x080067ae   0x00000070   Code   RO         6942    i.HAL_UART_DMAStop  stm32f4xx_hal_uart.o
    0x0800681e   0x0800681e   0x00000002   Code   RO         6944    i.HAL_UART_ErrorCallback  stm32f4xx_hal_uart.o
    0x08006820   0x08006820   0x00000268   Code   RO         6947    i.HAL_UART_IRQHandler  stm32f4xx_hal_uart.o
    0x08006a88   0x08006a88   0x00000062   Code   RO         6948    i.HAL_UART_Init     stm32f4xx_hal_uart.o
    0x08006aea   0x08006aea   0x00000002   PAD
    0x08006aec   0x08006aec   0x000001f8   Code   RO          757    i.HAL_UART_MspInit  usart.o
    0x08006ce4   0x08006ce4   0x0000002a   Code   RO         6952    i.HAL_UART_Receive_DMA  stm32f4xx_hal_uart.o
    0x08006d0e   0x08006d0e   0x00000002   Code   RO         6954    i.HAL_UART_RxCpltCallback  stm32f4xx_hal_uart.o
    0x08006d10   0x08006d10   0x00000002   Code   RO         6955    i.HAL_UART_RxHalfCpltCallback  stm32f4xx_hal_uart.o
    0x08006d12   0x08006d12   0x00000002   PAD
    0x08006d14   0x08006d14   0x0000008c   Code   RO         6957    i.HAL_UART_Transmit_DMA  stm32f4xx_hal_uart.o
    0x08006da0   0x08006da0   0x00000002   Code   RO         6959    i.HAL_UART_TxCpltCallback  stm32f4xx_hal_uart.o
    0x08006da2   0x08006da2   0x00000002   Code   RO         6960    i.HAL_UART_TxHalfCpltCallback  stm32f4xx_hal_uart.o
    0x08006da4   0x08006da4   0x00000002   Code   RO          840    i.HardFault_Handler  stm32f4xx_it.o
    0x08006da6   0x08006da6   0x00000002   PAD
    0x08006da8   0x08006da8   0x00000050   Code   RO         1607    i.Hcsr04Init        hc-sr04.o
    0x08006df8   0x08006df8   0x00000028   Code   RO         1608    i.Hcsr04Read        hc-sr04.o
    0x08006e20   0x08006e20   0x00000028   Code   RO         1609    i.Hcsr04Start       hc-sr04.o
    0x08006e48   0x08006e48   0x0000014c   Code   RO         1610    i.Hcsr04TimIcIsr    hc-sr04.o
    0x08006f94   0x08006f94   0x00000018   Code   RO         1611    i.Hcsr04TimOverflowIsr  hc-sr04.o
    0x08006fac   0x08006fac   0x0000002e   Code   RO         5185    i.I2C_IsAcknowledgeFailed  stm32f4xx_hal_i2c.o
    0x08006fda   0x08006fda   0x00000002   PAD
    0x08006fdc   0x08006fdc   0x000000ec   Code   RO         5188    i.I2C_MasterRequestRead  stm32f4xx_hal_i2c.o
    0x080070c8   0x080070c8   0x0000009c   Code   RO         5189    i.I2C_MasterRequestWrite  stm32f4xx_hal_i2c.o
    0x08007164   0x08007164   0x000000fc   Code   RO         5195    i.I2C_RequestMemoryRead  stm32f4xx_hal_i2c.o
    0x08007260   0x08007260   0x000000a8   Code   RO         5196    i.I2C_RequestMemoryWrite  stm32f4xx_hal_i2c.o
    0x08007308   0x08007308   0x0000004c   Code   RO         5200    i.I2C_WaitOnBTFFlagUntilTimeout  stm32f4xx_hal_i2c.o
    0x08007354   0x08007354   0x00000068   Code   RO         5201    i.I2C_WaitOnFlagUntilTimeout  stm32f4xx_hal_i2c.o
    0x080073bc   0x080073bc   0x00000096   Code   RO         5202    i.I2C_WaitOnMasterAddressFlagUntilTimeout  stm32f4xx_hal_i2c.o
    0x08007452   0x08007452   0x00000066   Code   RO         5203    i.I2C_WaitOnRXNEFlagUntilTimeout  stm32f4xx_hal_i2c.o
    0x080074b8   0x080074b8   0x0000004c   Code   RO         5204    i.I2C_WaitOnTXEFlagUntilTimeout  stm32f4xx_hal_i2c.o
    0x08007504   0x08007504   0x0000014c   Code   RO         1661    i.KEY_Scan          key.o
    0x08007650   0x08007650   0x00000034   Code   RO         1691    i.LCD_Clear         lcd.o
    0x08007684   0x08007684   0x000000d8   Code   RO         1695    i.LCD_Display_Dir   lcd.o
    0x0800775c   0x0800775c   0x0000009a   Code   RO         1696    i.LCD_DrawLine      lcd.o
    0x080077f6   0x080077f6   0x00000002   PAD
    0x080077f8   0x080077f8   0x0000001c   Code   RO         1697    i.LCD_DrawPoint     lcd.o
    0x08007814   0x08007814   0x00000038   Code   RO         1698    i.LCD_DrawRectangle  lcd.o
    0x0800784c   0x0800784c   0x000000ec   Code   RO         1700    i.LCD_Fast_DrawPoint  lcd.o
    0x08007938   0x08007938   0x00000048   Code   RO         1701    i.LCD_Fill          lcd.o
    0x08007980   0x08007980   0x0000238c   Code   RO         1702    i.LCD_Init          lcd.o
    0x08009d0c   0x08009d0c   0x00000014   Code   RO         1704    i.LCD_RD_DATA       lcd.o
    0x08009d20   0x08009d20   0x00000050   Code   RO         1707    i.LCD_SSD_BackLightSet  lcd.o
    0x08009d70   0x08009d70   0x000001b8   Code   RO         1708    i.LCD_Scan_Dir      lcd.o
    0x08009f28   0x08009f28   0x00000104   Code   RO         1709    i.LCD_SetCursor     lcd.o
    0x0800a02c   0x0800a02c   0x000000e4   Code   RO         1711    i.LCD_ShowChar      lcd.o
    0x0800a110   0x0800a110   0x00000054   Code   RO         1713    i.LCD_ShowString    lcd.o
    0x0800a164   0x0800a164   0x00000018   Code   RO         1715    i.LCD_WR_DATA       lcd.o
    0x0800a17c   0x0800a17c   0x00000018   Code   RO         1716    i.LCD_WR_REG        lcd.o
    0x0800a194   0x0800a194   0x00000014   Code   RO         1718    i.LCD_WriteRAM_Prepare  lcd.o
    0x0800a1a8   0x0800a1a8   0x00000010   Code   RO         1719    i.LCD_WriteReg      lcd.o
    0x0800a1b8   0x0800a1b8   0x0000002c   Code   RO         1129    i.Led_pwm_mode      app.o
    0x0800a1e4   0x0800a1e4   0x0000001c   Code   RO         2682    i.MQTT_DeleteBuffer  mqttkit.o
    0x0800a200   0x0800a200   0x00000026   Code   RO         2683    i.MQTT_DumpLength   mqttkit.o
    0x0800a226   0x0800a226   0x00000052   Code   RO         2684    i.MQTT_NewBuffer    mqttkit.o
    0x0800a278   0x0800a278   0x0000007c   Code   RO         2686    i.MQTT_PacketCmdResp  mqttkit.o
    0x0800a2f4   0x0800a2f4   0x00000264   Code   RO         2687    i.MQTT_PacketConnect  mqttkit.o
    0x0800a558   0x0800a558   0x0000015a   Code   RO         2690    i.MQTT_PacketPublish  mqttkit.o
    0x0800a6b2   0x0800a6b2   0x00000046   Code   RO         2691    i.MQTT_PacketPublishAck  mqttkit.o
    0x0800a6f8   0x0800a6f8   0x00000046   Code   RO         2693    i.MQTT_PacketPublishRec  mqttkit.o
    0x0800a73e   0x0800a73e   0x000000da   Code   RO         2697    i.MQTT_PacketSubscribe  mqttkit.o
    0x0800a818   0x0800a818   0x0000003e   Code   RO         2699    i.MQTT_ReadLength   mqttkit.o
    0x0800a856   0x0800a856   0x00000082   Code   RO         2700    i.MQTT_UnPacketCmd  mqttkit.o
    0x0800a8d8   0x0800a8d8   0x0000001a   Code   RO         2701    i.MQTT_UnPacketConnectAck  mqttkit.o
    0x0800a8f2   0x0800a8f2   0x00000002   PAD
    0x0800a8f4   0x0800a8f4   0x00000150   Code   RO         2702    i.MQTT_UnPacketPublish  mqttkit.o
    0x0800aa44   0x0800aa44   0x00000018   Code   RO         2703    i.MQTT_UnPacketPublishAck  mqttkit.o
    0x0800aa5c   0x0800aa5c   0x00000060   Code   RO         2707    i.MQTT_UnPacketRecv  mqttkit.o
    0x0800aabc   0x0800aabc   0x000000a4   Code   RO          417    i.MX_ADC1_Init      adc.o
    0x0800ab60   0x0800ab60   0x0000006c   Code   RO          457    i.MX_DMA_Init       dma.o
    0x0800abcc   0x0800abcc   0x000000dc   Code   RO          487    i.MX_FMC_Init       fmc.o
    0x0800aca8   0x0800aca8   0x00000178   Code   RO          372    i.MX_FREERTOS_Init  freertos.o
    0x0800ae20   0x0800ae20   0x000001e8   Code   RO          348    i.MX_GPIO_Init      gpio.o
    0x0800b008   0x0800b008   0x0000005c   Code   RO          548    i.MX_I2C2_Init      i2c.o
    0x0800b064   0x0800b064   0x00000048   Code   RO          620    i.MX_SPI2_Init      spi.o
    0x0800b0ac   0x0800b0ac   0x00000048   Code   RO          621    i.MX_SPI5_Init      spi.o
    0x0800b0f4   0x0800b0f4   0x00000038   Code   RO          681    i.MX_TIM10_Init     tim.o
    0x0800b12c   0x0800b12c   0x00000080   Code   RO          682    i.MX_TIM12_Init     tim.o
    0x0800b1ac   0x0800b1ac   0x0000006c   Code   RO          683    i.MX_TIM1_Init      tim.o
    0x0800b218   0x0800b218   0x000000ac   Code   RO          684    i.MX_TIM3_Init      tim.o
    0x0800b2c4   0x0800b2c4   0x0000006c   Code   RO          685    i.MX_TIM4_Init      tim.o
    0x0800b330   0x0800b330   0x0000009c   Code   RO          686    i.MX_TIM5_Init      tim.o
    0x0800b3cc   0x0800b3cc   0x00000038   Code   RO          758    i.MX_USART1_UART_Init  usart.o
    0x0800b404   0x0800b404   0x00000038   Code   RO          759    i.MX_USART2_UART_Init  usart.o
    0x0800b43c   0x0800b43c   0x0000004c   Code   RO          760    i.MX_USART3_UART_Init  usart.o
    0x0800b488   0x0800b488   0x00000038   Code   RO          761    i.MX_USART6_UART_Init  usart.o
    0x0800b4c0   0x0800b4c0   0x00000002   Code   RO          841    i.MemManage_Handler  stm32f4xx_it.o
    0x0800b4c2   0x0800b4c2   0x00000002   PAD
    0x0800b4c4   0x0800b4c4   0x00000210   Code   RO         1130    i.Mx_Init           app.o
    0x0800b6d4   0x0800b6d4   0x00000002   Code   RO          842    i.NMI_Handler       stm32f4xx_it.o
    0x0800b6d6   0x0800b6d6   0x00000002   PAD
    0x0800b6d8   0x0800b6d8   0x00000214   Code   RO         2903    i.OneNet_DevLink    onenet.o
    0x0800b8ec   0x0800b8ec   0x0000008c   Code   RO         2904    i.OneNet_Publish    onenet.o
    0x0800b978   0x0800b978   0x00000688   Code   RO         2905    i.OneNet_RevPro     onenet.o
    0x0800c000   0x0800c000   0x00000048   Code   RO         2906    i.OneNet_SendData   onenet.o
    0x0800c048   0x0800c048   0x00000078   Code   RO         2908    i.OneNet_Send_Device_ID_Data  onenet.o
    0x0800c0c0   0x0800c0c0   0x0000004e   Code   RO         2909    i.OneNet_Send_Int   onenet.o
    0x0800c10e   0x0800c10e   0x00000002   PAD
    0x0800c110   0x0800c110   0x000000d8   Code   RO         2910    i.OneNet_Send_Rfid  onenet.o
    0x0800c1e8   0x0800c1e8   0x000000a4   Code   RO         2912    i.OneNet_Send_yishi_Rfid  onenet.o
    0x0800c28c   0x0800c28c   0x00000068   Code   RO         2913    i.OneNet_Subscribe  onenet.o
    0x0800c2f4   0x0800c2f4   0x00000020   Code   RO         1905    i.PCF8574_WriteBit  pcf8574.o
    0x0800c314   0x0800c314   0x00000008   Code   RO         1961    i.PcdAntennaOff     rc522.o
    0x0800c31c   0x0800c31c   0x0000002c   Code   RO         1962    i.PcdAntennaOn      rc522.o
    0x0800c348   0x0800c348   0x0000006a   Code   RO         1963    i.PcdAnticoll       rc522.o
    0x0800c3b2   0x0800c3b2   0x00000116   Code   RO         1964    i.PcdComMF522       rc522.o
    0x0800c4c8   0x0800c4c8   0x00000050   Code   RO         1965    i.PcdRequest        rc522.o
    0x0800c518   0x0800c518   0x0000007c   Code   RO         1966    i.PcdReset          rc522.o
    0x0800c594   0x0800c594   0x00000094   Code   RO         1967    i.RC522_Init        rc522.o
    0x0800c628   0x0800c628   0x00000024   Code   RO         1968    i.RC522_ReadWriteByte  rc522.o
    0x0800c64c   0x0800c64c   0x0000004c   Code   RO         1969    i.ReadRawRC         rc522.o
    0x0800c698   0x0800c698   0x0000014c   Code   RO         1970    i.ReaderCard        rc522.o
    0x0800c7e4   0x0800c7e4   0x00000014   Code   RO         1131    i.Release_iic_spi_mutex  app.o
    0x0800c7f8   0x0800c7f8   0x00000014   Code   RO         1132    i.Release_reve_mutex  app.o
    0x0800c80c   0x0800c80c   0x0000001c   Code   RO         1133    i.Release_send_mutex  app.o
    0x0800c828   0x0800c828   0x00000060   Code   RO         2082    i.SDRAM_Init        sdram.o
    0x0800c888   0x0800c888   0x00000050   Code   RO         2083    i.SDRAM_Initialization_Sequence  sdram.o
    0x0800c8d8   0x0800c8d8   0x00000034   Code   RO         2084    i.SDRAM_Send_Cmd    sdram.o
    0x0800c90c   0x0800c90c   0x00000030   Code   RO         2289    i.SG90_Rotate       duoji.o
    0x0800c93c   0x0800c93c   0x00000020   Code   RO          622    i.SPI5_ReadWriteByte  spi.o
    0x0800c95c   0x0800c95c   0x00000034   Code   RO          623    i.SPI5_SetSpeed     spi.o
    0x0800c990   0x0800c990   0x00000058   Code   RO         5673    i.SPI_EndRxTxTransaction  stm32f4xx_hal_spi.o
    0x0800c9e8   0x0800c9e8   0x000000b8   Code   RO         5678    i.SPI_WaitFlagStateUntilTimeout  stm32f4xx_hal_spi.o
    0x0800caa0   0x0800caa0   0x00000094   Code   RO         1134    i.Send_Zigbee       app.o
    0x0800cb34   0x0800cb34   0x000000a8   Code   RO         1341    i.Send_data_Entry   thread.o
    0x0800cbdc   0x0800cbdc   0x0000004c   Code   RO         1135    i.Send_queue        app.o
    0x0800cc28   0x0800cc28   0x00000074   Code   RO         1136    i.Send_tianwen      app.o
    0x0800cc9c   0x0800cc9c   0x0000001a   Code   RO         1971    i.SetBitMask        rc522.o
    0x0800ccb6   0x0800ccb6   0x00000002   PAD
    0x0800ccb8   0x0800ccb8   0x000000a8   Code   RO         2135    i.Show_Font         text.o
    0x0800cd60   0x0800cd60   0x00000092   Code   RO         2136    i.Show_Str          text.o
    0x0800cdf2   0x0800cdf2   0x0000001a   Code   RO         8449    i.SysTick_Handler   cmsis_os2.o
    0x0800ce0c   0x0800ce0c   0x000000a4   Code   RO           15    i.SystemClock_Config  main.o
    0x0800ceb0   0x0800ceb0   0x00000010   Code   RO         7277    i.SystemInit        system_stm32f4xx.o
    0x0800cec0   0x0800cec0   0x0000001c   Code   RO          843    i.TIM1_UP_TIM10_IRQHandler  stm32f4xx_it.o
    0x0800cedc   0x0800cedc   0x0000000c   Code   RO          844    i.TIM8_BRK_TIM12_IRQHandler  stm32f4xx_it.o
    0x0800cee8   0x0800cee8   0x0000000c   Code   RO          845    i.TIM8_TRG_COM_TIM14_IRQHandler  stm32f4xx_it.o
    0x0800cef4   0x0800cef4   0x000000c8   Code   RO         6041    i.TIM_Base_SetConfig  stm32f4xx_hal_tim.o
    0x0800cfbc   0x0800cfbc   0x0000001a   Code   RO         6042    i.TIM_CCxChannelCmd  stm32f4xx_hal_tim.o
    0x0800cfd6   0x0800cfd6   0x00000014   Code   RO         6052    i.TIM_ETR_SetConfig  stm32f4xx_hal_tim.o
    0x0800cfea   0x0800cfea   0x00000010   Code   RO         6053    i.TIM_ITRx_SetConfig  stm32f4xx_hal_tim.o
    0x0800cffa   0x0800cffa   0x00000002   PAD
    0x0800cffc   0x0800cffc   0x00000060   Code   RO         6054    i.TIM_OC1_SetConfig  stm32f4xx_hal_tim.o
    0x0800d05c   0x0800d05c   0x0000006c   Code   RO         6055    i.TIM_OC2_SetConfig  stm32f4xx_hal_tim.o
    0x0800d0c8   0x0800d0c8   0x00000068   Code   RO         6056    i.TIM_OC3_SetConfig  stm32f4xx_hal_tim.o
    0x0800d130   0x0800d130   0x00000050   Code   RO         6057    i.TIM_OC4_SetConfig  stm32f4xx_hal_tim.o
    0x0800d180   0x0800d180   0x00000022   Code   RO         6059    i.TIM_TI1_ConfigInputStage  stm32f4xx_hal_tim.o
    0x0800d1a2   0x0800d1a2   0x00000002   PAD
    0x0800d1a4   0x0800d1a4   0x00000080   Code   RO         6060    i.TIM_TI1_SetConfig  stm32f4xx_hal_tim.o
    0x0800d224   0x0800d224   0x00000024   Code   RO         6061    i.TIM_TI2_ConfigInputStage  stm32f4xx_hal_tim.o
    0x0800d248   0x0800d248   0x00000036   Code   RO         6062    i.TIM_TI2_SetConfig  stm32f4xx_hal_tim.o
    0x0800d27e   0x0800d27e   0x00000010   Code   RO         6961    i.UART_DMAAbortOnError  stm32f4xx_hal_uart.o
    0x0800d28e   0x0800d28e   0x0000004a   Code   RO         6962    i.UART_DMAError     stm32f4xx_hal_uart.o
    0x0800d2d8   0x0800d2d8   0x00000082   Code   RO         6963    i.UART_DMAReceiveCplt  stm32f4xx_hal_uart.o
    0x0800d35a   0x0800d35a   0x0000001a   Code   RO         6965    i.UART_DMARxHalfCplt  stm32f4xx_hal_uart.o
    0x0800d374   0x0800d374   0x00000042   Code   RO         6967    i.UART_DMATransmitCplt  stm32f4xx_hal_uart.o
    0x0800d3b6   0x0800d3b6   0x0000000a   Code   RO         6969    i.UART_DMATxHalfCplt  stm32f4xx_hal_uart.o
    0x0800d3c0   0x0800d3c0   0x0000004e   Code   RO         6971    i.UART_EndRxTransfer  stm32f4xx_hal_uart.o
    0x0800d40e   0x0800d40e   0x0000001c   Code   RO         6972    i.UART_EndTxTransfer  stm32f4xx_hal_uart.o
    0x0800d42a   0x0800d42a   0x000000c0   Code   RO         6973    i.UART_Receive_IT   stm32f4xx_hal_uart.o
    0x0800d4ea   0x0800d4ea   0x00000002   PAD
    0x0800d4ec   0x0800d4ec   0x0000010c   Code   RO         6974    i.UART_SetConfig    stm32f4xx_hal_uart.o
    0x0800d5f8   0x0800d5f8   0x00000094   Code   RO         6975    i.UART_Start_Receive_DMA  stm32f4xx_hal_uart.o
    0x0800d68c   0x0800d68c   0x00000140   Code   RO          846    i.USART3_IRQHandler  stm32f4xx_it.o
    0x0800d7cc   0x0800d7cc   0x00000002   Code   RO          847    i.UsageFault_Handler  stm32f4xx_it.o
    0x0800d7ce   0x0800d7ce   0x00000002   PAD
    0x0800d7d0   0x0800d7d0   0x00000028   Code   RO         3010    i.Usart_SendString  wifi.o
    0x0800d7f8   0x0800d7f8   0x00000048   Code   RO         2178    i.W25QXX_Init       w25qxx.o
    0x0800d840   0x0800d840   0x00000068   Code   RO         2180    i.W25QXX_Read       w25qxx.o
    0x0800d8a8   0x0800d8a8   0x00000044   Code   RO         2181    i.W25QXX_ReadID     w25qxx.o
    0x0800d8ec   0x0800d8ec   0x00000038   Code   RO         2182    i.W25QXX_ReadSR     w25qxx.o
    0x0800d924   0x0800d924   0x00000014   Code   RO         1137    i.Wait_iic_spi_mutex  app.o
    0x0800d938   0x0800d938   0x00000010   Code   RO         1138    i.Wait_reve_mutex   app.o
    0x0800d948   0x0800d948   0x0000001c   Code   RO         1139    i.Wait_send_mutex   app.o
    0x0800d964   0x0800d964   0x00000048   Code   RO         1972    i.WriteRawRC        rc522.o
    0x0800d9ac   0x0800d9ac   0x00000030   Code   RO         9332    i.__ARM_fpclassify  m_wm.l(fpclassify.o)
    0x0800d9dc   0x0800d9dc   0x00000020   Code   RO         4259    i.__NVIC_SetPriority  stm32f4xx_hal_cortex.o
    0x0800d9fc   0x0800d9fc   0x00000004   PAD
    0x0800da00   0x0800da00   0x000000f8   Code   RO         9437    i.__hardfp___mathlib_tofloat  m_wm.l(narrow.o)
    0x0800daf8   0x0800daf8   0x00000014   Code   RO         9238    i.__hardfp_fabs     m_wm.l(fabs.o)
    0x0800db0c   0x0800db0c   0x00000004   PAD
    0x0800db10   0x0800db10   0x00000118   Code   RO         9244    i.__hardfp_floor    m_wm.l(floor.o)
    0x0800dc28   0x0800dc28   0x000000d0   Code   RO         9534    i.__hardfp_ldexp    m_wm.l(ldexp.o)
    0x0800dcf8   0x0800dcf8   0x00000c50   Code   RO         9250    i.__hardfp_pow      m_wm.l(pow.o)
    0x0800e948   0x0800e948   0x000000f8   Code   RO         9334    i.__kernel_poly     m_wm.l(poly.o)
    0x0800ea40   0x0800ea40   0x00000030   Code   RO         9318    i.__mathlib_dbl_divzero  m_wm.l(dunder.o)
    0x0800ea70   0x0800ea70   0x00000014   Code   RO         9320    i.__mathlib_dbl_infnan2  m_wm.l(dunder.o)
    0x0800ea84   0x0800ea84   0x00000004   PAD
    0x0800ea88   0x0800ea88   0x00000020   Code   RO         9321    i.__mathlib_dbl_invalid  m_wm.l(dunder.o)
    0x0800eaa8   0x0800eaa8   0x00000020   Code   RO         9322    i.__mathlib_dbl_overflow  m_wm.l(dunder.o)
    0x0800eac8   0x0800eac8   0x00000020   Code   RO         9324    i.__mathlib_dbl_underflow  m_wm.l(dunder.o)
    0x0800eae8   0x0800eae8   0x00000012   Code   RO         9438    i.__mathlib_narrow  m_wm.l(narrow.o)
    0x0800eafa   0x0800eafa   0x00000014   Code   RO         9536    i.__support_ldexp   m_wm.l(ldexp.o)
    0x0800eb0e   0x0800eb0e   0x0000000e   Code   RO         9148    i._is_digit         c_w.l(__printf_wp.o)
    0x0800eb1c   0x0800eb1c   0x00000002   Code   RO          762    i._sys_exit         usart.o
    0x0800eb1e   0x0800eb1e   0x00000002   PAD
    0x0800eb20   0x0800eb20   0x000000f8   Code   RO         1140    i.at_sava_th        app.o
    0x0800ec18   0x0800ec18   0x00000008   Code   RO         1906    i.beep_On_Off       pcf8574.o
    0x0800ec20   0x0800ec20   0x0000001c   Code   RO         2315    i.cJSON_AddItemToArray  cjson.o
    0x0800ec3c   0x0800ec3c   0x00000030   Code   RO         2316    i.cJSON_AddItemToObject  cjson.o
    0x0800ec6c   0x0800ec6c   0x00000030   Code   RO         2325    i.cJSON_CreateNumber  cjson.o
    0x0800ec9c   0x0800ec9c   0x00000010   Code   RO         2326    i.cJSON_CreateObject  cjson.o
    0x0800ecac   0x0800ecac   0x0000001c   Code   RO         2327    i.cJSON_CreateString  cjson.o
    0x0800ecc8   0x0800ecc8   0x00000048   Code   RO         2330    i.cJSON_Delete      cjson.o
    0x0800ed10   0x0800ed10   0x0000001c   Code   RO         2339    i.cJSON_GetObjectItem  cjson.o
    0x0800ed2c   0x0800ed2c   0x0000001c   Code   RO         2343    i.cJSON_New_Item    cjson.o
    0x0800ed48   0x0800ed48   0x00000008   Code   RO         2344    i.cJSON_Parse       cjson.o
    0x0800ed50   0x0800ed50   0x00000060   Code   RO         2345    i.cJSON_ParseWithOpts  cjson.o
    0x0800edb0   0x0800edb0   0x0000000a   Code   RO         2348    i.cJSON_PrintUnformatted  cjson.o
    0x0800edba   0x0800edba   0x00000042   Code   RO         2351    i.cJSON_strcasecmp  cjson.o
    0x0800edfc   0x0800edfc   0x0000002c   Code   RO         2352    i.cJSON_strdup      cjson.o
    0x0800ee28   0x0800ee28   0x00000414   Code   RO         1342    i.collect_data_thread_entry  thread.o
    0x0800f23c   0x0800f23c   0x0000001c   Code   RO         1443    i.delay_init        delay.o
    0x0800f258   0x0800f258   0x00000038   Code   RO         1444    i.delay_ms          delay.o
    0x0800f290   0x0800f290   0x00000012   Code   RO         1973    i.delay_ns          rc522.o
    0x0800f2a2   0x0800f2a2   0x00000002   PAD
    0x0800f2a4   0x0800f2a4   0x00000038   Code   RO         1445    i.delay_us          delay.o
    0x0800f2dc   0x0800f2dc   0x00000070   Code   RO         2354    i.ensure            cjson.o
    0x0800f34c   0x0800f34c   0x00000018   Code   RO         9240    i.fabs              m_wm.l(fabs.o)
    0x0800f364   0x0800f364   0x00000040   Code   RO         1557    i.font_init         fontupd.o
    0x0800f3a4   0x0800f3a4   0x00000014   Code   RO          763    i.fputc             usart.o
    0x0800f3b8   0x0800f3b8   0x0000008c   Code   RO         9514    i.frexp             m_wm.l(frexp.o)
    0x0800f444   0x0800f444   0x000000f8   Code   RO         1343    i.key_thread_entry  thread.o
    0x0800f53c   0x0800f53c   0x00000640   Code   RO         1344    i.lcd_show_thread_entry  thread.o
    0x0800fb7c   0x0800fb7c   0x00000190   Code   RO         1345    i.logical_thread_entry  thread.o
    0x0800fd0c   0x0800fd0c   0x00000028   Code   RO         1141    i.machinery_pwm_mode  app.o
    0x0800fd34   0x0800fd34   0x000000a8   Code   RO           16    i.main              main.o
    0x0800fddc   0x0800fddc   0x00000110   Code   RO          373    i.mainTask_entry    freertos.o
    0x0800feec   0x0800feec   0x00000018   Code   RO         3060    i.my_free           malloc.o
    0x0800ff04   0x0800ff04   0x0000004c   Code   RO         3061    i.my_malloc         malloc.o
    0x0800ff50   0x0800ff50   0x00000058   Code   RO         3062    i.my_mem_free       malloc.o
    0x0800ffa8   0x0800ffa8   0x0000002c   Code   RO         3063    i.my_mem_init       malloc.o
    0x0800ffd4   0x0800ffd4   0x00000088   Code   RO         3064    i.my_mem_malloc     malloc.o
    0x0801005c   0x0801005c   0x0000003c   Code   RO         3065    i.my_mem_perused    malloc.o
    0x08010098   0x08010098   0x00000018   Code   RO         3066    i.myfree            malloc.o
    0x080100b0   0x080100b0   0x0000000e   Code   RO         3069    i.mymemset          malloc.o
    0x080100be   0x080100be   0x0000001a   Code   RO         8451    i.osDelay           cmsis_os2.o
    0x080100d8   0x080100d8   0x00000030   Code   RO         8465    i.osKernelInitialize  cmsis_os2.o
    0x08010108   0x08010108   0x00000038   Code   RO         8468    i.osKernelStart     cmsis_os2.o
    0x08010140   0x08010140   0x0000008a   Code   RO         8510    i.osThreadNew       cmsis_os2.o
    0x080101ca   0x080101ca   0x00000002   PAD
    0x080101cc   0x080101cc   0x0000008c   Code   RO         2355    i.parse_array       cjson.o
    0x08010258   0x08010258   0x000000a6   Code   RO         2356    i.parse_hex4        cjson.o
    0x080102fe   0x080102fe   0x00000002   PAD
    0x08010300   0x08010300   0x00000194   Code   RO         2357    i.parse_number      cjson.o
    0x08010494   0x08010494   0x000000d4   Code   RO         2358    i.parse_object      cjson.o
    0x08010568   0x08010568   0x00000180   Code   RO         2359    i.parse_string      cjson.o
    0x080106e8   0x080106e8   0x000000b4   Code   RO         2360    i.parse_value       cjson.o
    0x0801079c   0x0801079c   0x00000070   Code   RO         1907    i.pcf8574_Check     pcf8574.o
    0x0801080c   0x0801080c   0x00000020   Code   RO         1908    i.pcf8574_ReadOneByte  pcf8574.o
    0x0801082c   0x0801082c   0x00000024   Code   RO         1909    i.pcf8574_WriteOneByte  pcf8574.o
    0x08010850   0x08010850   0x000001d0   Code   RO         2361    i.print_array       cjson.o
    0x08010a20   0x08010a20   0x000001c8   Code   RO         2362    i.print_number      cjson.o
    0x08010be8   0x08010be8   0x00000374   Code   RO         2363    i.print_object      cjson.o
    0x08010f5c   0x08010f5c   0x00000006   Code   RO         2364    i.print_string      cjson.o
    0x08010f62   0x08010f62   0x00000002   PAD
    0x08010f64   0x08010f64   0x0000016c   Code   RO         2365    i.print_string_ptr  cjson.o
    0x080110d0   0x080110d0   0x000000bc   Code   RO         2366    i.print_value       cjson.o
    0x0801118c   0x0801118c   0x0000005c   Code   RO         7910    i.prvAddCurrentTaskToDelayedList  tasks.o
    0x080111e8   0x080111e8   0x000000d0   Code   RO         7911    i.prvAddNewTaskToReadyList  tasks.o
    0x080112b8   0x080112b8   0x00000058   Code   RO         8275    i.prvCheckForValidListAndQueue  timers.o
    0x08011310   0x08011310   0x00000026   Code   RO         7510    i.prvCopyDataFromQueue  queue.o
    0x08011336   0x08011336   0x0000006c   Code   RO         7511    i.prvCopyDataToQueue  queue.o
    0x080113a2   0x080113a2   0x00000034   Code   RO         7912    i.prvDeleteTCB      tasks.o
    0x080113d6   0x080113d6   0x00000002   PAD
    0x080113d8   0x080113d8   0x00000060   Code   RO         7913    i.prvIdleTask       tasks.o
    0x08011438   0x08011438   0x00000016   Code   RO         7512    i.prvInitialiseMutex  queue.o
    0x0801144e   0x0801144e   0x00000002   PAD
    0x08011450   0x08011450   0x00000022   Code   RO         7513    i.prvInitialiseNewQueue  queue.o
    0x08011472   0x08011472   0x00000002   PAD
    0x08011474   0x08011474   0x000000b0   Code   RO         7914    i.prvInitialiseNewTask  tasks.o
    0x08011524   0x08011524   0x0000004c   Code   RO         8967    i.prvInsertBlockIntoFreeList  heap_5.o
    0x08011570   0x08011570   0x00000038   Code   RO         8277    i.prvInsertTimerInActiveList  timers.o
    0x080115a8   0x080115a8   0x0000001c   Code   RO         7514    i.prvIsQueueEmpty   queue.o
    0x080115c4   0x080115c4   0x000000fc   Code   RO         8278    i.prvProcessReceivedCommands  timers.o
    0x080116c0   0x080116c0   0x000000c0   Code   RO         8279    i.prvProcessTimerOrBlockTask  timers.o
    0x08011780   0x08011780   0x00000020   Code   RO         7916    i.prvResetNextTaskUnblockTime  tasks.o
    0x080117a0   0x080117a0   0x00000028   Code   RO         8280    i.prvSampleTimeNow  timers.o
    0x080117c8   0x080117c8   0x0000006c   Code   RO         8281    i.prvSwitchTimerLists  timers.o
    0x08011834   0x08011834   0x00000028   Code   RO         9017    i.prvTaskExitError  port.o
    0x0801185c   0x0801185c   0x00000034   Code   RO         7918    i.prvTaskIsTaskSuspended  tasks.o
    0x08011890   0x08011890   0x00000024   Code   RO         8282    i.prvTimerTask      timers.o
    0x080118b4   0x080118b4   0x0000006a   Code   RO         7515    i.prvUnlockQueue    queue.o
    0x0801191e   0x0801191e   0x00000002   PAD
    0x08011920   0x08011920   0x000000b0   Code   RO         8968    i.pvPortMalloc      heap_5.o
    0x080119d0   0x080119d0   0x00000018   Code   RO         7919    i.pvTaskIncrementMutexHeldCount  tasks.o
    0x080119e8   0x080119e8   0x0000002c   Code   RO         9018    i.pxPortInitialiseStack  port.o
    0x08011a14   0x08011a14   0x000000c4   Code   RO         1346    i.read_rfid_thread_entry  thread.o
    0x08011ad8   0x08011ad8   0x00000214   Code   RO         1142    i.resest_server     app.o
    0x08011cec   0x08011cec   0x00000110   Code   RO         1143    i.resest_wifi       app.o
    0x08011dfc   0x08011dfc   0x00000014   Code   RO         2367    i.skip              cjson.o
    0x08011e10   0x08011e10   0x0000006e   Code   RO         9339    i.sqrt              m_wm.l(sqrt.o)
    0x08011e7e   0x08011e7e   0x00000002   PAD
    0x08011e80   0x08011e80   0x00000038   Code   RO         1446    i.time_init         delay.o
    0x08011eb8   0x08011eb8   0x0000007c   Code   RO         1447    i.time_set          delay.o
    0x08011f34   0x08011f34   0x0000001c   Code   RO         2368    i.update            cjson.o
    0x08011f50   0x08011f50   0x00000026   Code   RO         7470    i.uxListRemove      list.o
    0x08011f76   0x08011f76   0x00000002   PAD
    0x08011f78   0x08011f78   0x00000014   Code   RO         8522    i.vApplicationGetIdleTaskMemory  cmsis_os2.o
    0x08011f8c   0x08011f8c   0x00000018   Code   RO         8523    i.vApplicationGetTimerTaskMemory  cmsis_os2.o
    0x08011fa4   0x08011fa4   0x00000016   Code   RO         7471    i.vListInitialise   list.o
    0x08011fba   0x08011fba   0x00000006   Code   RO         7472    i.vListInitialiseItem  list.o
    0x08011fc0   0x08011fc0   0x00000030   Code   RO         7473    i.vListInsert       list.o
    0x08011ff0   0x08011ff0   0x00000018   Code   RO         7474    i.vListInsertEnd    list.o
    0x08012008   0x08012008   0x000000b8   Code   RO         8969    i.vPortDefineHeapRegions  heap_5.o
    0x080120c0   0x080120c0   0x00000040   Code   RO         9020    i.vPortEnterCritical  port.o
    0x08012100   0x08012100   0x00000028   Code   RO         9021    i.vPortExitCritical  port.o
    0x08012128   0x08012128   0x00000064   Code   RO         8970    i.vPortFree         heap_5.o
    0x0801218c   0x0801218c   0x00000024   Code   RO         9022    i.vPortSetupTimerInterrupt  port.o
    0x080121b0   0x080121b0   0x00000054   Code   RO         9023    i.vPortValidateInterruptPriority  port.o
    0x08012204   0x08012204   0x00000028   Code   RO         7521    i.vQueueAddToRegistry  queue.o
    0x0801222c   0x0801222c   0x00000044   Code   RO         7525    i.vQueueWaitForMessageRestricted  queue.o
    0x08012270   0x08012270   0x0000004c   Code   RO         7929    i.vTaskDelay        tasks.o
    0x080122bc   0x080122bc   0x00000010   Code   RO         7934    i.vTaskInternalSetTimeOutState  tasks.o
    0x080122cc   0x080122cc   0x0000000c   Code   RO         7935    i.vTaskMissedYield  tasks.o
    0x080122d8   0x080122d8   0x00000030   Code   RO         7937    i.vTaskPlaceOnEventList  tasks.o
    0x08012308   0x08012308   0x00000038   Code   RO         7938    i.vTaskPlaceOnEventListRestricted  tasks.o
    0x08012340   0x08012340   0x00000090   Code   RO         7940    i.vTaskPriorityDisinheritAfterTimeout  tasks.o
    0x080123d0   0x080123d0   0x0000007c   Code   RO         7943    i.vTaskResume       tasks.o
    0x0801244c   0x0801244c   0x00000088   Code   RO         7946    i.vTaskStartScheduler  tasks.o
    0x080124d4   0x080124d4   0x0000009c   Code   RO         7947    i.vTaskSuspend      tasks.o
    0x08012570   0x08012570   0x00000010   Code   RO         7948    i.vTaskSuspendAll   tasks.o
    0x08012580   0x08012580   0x00000064   Code   RO         7949    i.vTaskSwitchContext  tasks.o
    0x080125e4   0x080125e4   0x000000f4   Code   RO         9024    i.xPortStartScheduler  port.o
    0x080126d8   0x080126d8   0x0000002c   Code   RO         9025    i.xPortSysTickHandler  port.o
    0x08012704   0x08012704   0x00000016   Code   RO         7528    i.xQueueCreateMutex  queue.o
    0x0801271a   0x0801271a   0x00000042   Code   RO         7530    i.xQueueGenericCreate  queue.o
    0x0801275c   0x0801275c   0x00000066   Code   RO         7531    i.xQueueGenericCreateStatic  queue.o
    0x080127c2   0x080127c2   0x00000002   PAD
    0x080127c4   0x080127c4   0x00000088   Code   RO         7532    i.xQueueGenericReset  queue.o
    0x0801284c   0x0801284c   0x00000160   Code   RO         7533    i.xQueueGenericSend  queue.o
    0x080129ac   0x080129ac   0x000000be   Code   RO         7534    i.xQueueGenericSendFromISR  queue.o
    0x08012a6a   0x08012a6a   0x00000002   PAD
    0x08012a6c   0x08012a6c   0x00000138   Code   RO         7543    i.xQueueReceive     queue.o
    0x08012ba4   0x08012ba4   0x00000178   Code   RO         7545    i.xQueueSemaphoreTake  queue.o
    0x08012d1c   0x08012d1c   0x00000074   Code   RO         7951    i.xTaskCheckForTimeOut  tasks.o
    0x08012d90   0x08012d90   0x0000005a   Code   RO         7952    i.xTaskCreate       tasks.o
    0x08012dea   0x08012dea   0x00000056   Code   RO         7953    i.xTaskCreateStatic  tasks.o
    0x08012e40   0x08012e40   0x0000001c   Code   RO         7957    i.xTaskGetSchedulerState  tasks.o
    0x08012e5c   0x08012e5c   0x0000000c   Code   RO         7958    i.xTaskGetTickCount  tasks.o
    0x08012e68   0x08012e68   0x000000c8   Code   RO         7960    i.xTaskIncrementTick  tasks.o
    0x08012f30   0x08012f30   0x00000080   Code   RO         7963    i.xTaskPriorityDisinherit  tasks.o
    0x08012fb0   0x08012fb0   0x00000078   Code   RO         7964    i.xTaskPriorityInherit  tasks.o
    0x08013028   0x08013028   0x00000070   Code   RO         7965    i.xTaskRemoveFromEventList  tasks.o
    0x08013098   0x08013098   0x000000c4   Code   RO         7966    i.xTaskResumeAll    tasks.o
    0x0801315c   0x0801315c   0x00000060   Code   RO         8291    i.xTimerCreateTimerTask  timers.o
    0x080131bc   0x080131bc   0x00000068   Code   RO         8292    i.xTimerGenericCommand  timers.o
    0x08013224   0x08013224   0x0000002c   Code   RO         9416    locale$$code        c_w.l(lc_ctype_c.o)
    0x08013250   0x08013250   0x0000002c   Code   RO         9419    locale$$code        c_w.l(lc_numeric_c.o)
    0x0801327c   0x0801327c   0x00000018   Code   RO         9303    x$fpl$basic         fz_wm.l(basic.o)
    0x08013294   0x08013294   0x00000062   Code   RO         9198    x$fpl$d2f           fz_wm.l(d2f.o)
    0x080132f6   0x080132f6   0x00000002   PAD
    0x080132f8   0x080132f8   0x00000150   Code   RO         9200    x$fpl$dadd          fz_wm.l(daddsub_clz.o)
    0x08013448   0x08013448   0x00000010   Code   RO         9421    x$fpl$dcheck1       fz_wm.l(dcheck1.o)
    0x08013458   0x08013458   0x00000018   Code   RO         9305    x$fpl$dcmpinf       fz_wm.l(dcmpi.o)
    0x08013470   0x08013470   0x000002b0   Code   RO         9207    x$fpl$ddiv          fz_wm.l(ddiv.o)
    0x08013720   0x08013720   0x00000078   Code   RO         9210    x$fpl$deqf          fz_wm.l(deqf.o)
    0x08013798   0x08013798   0x0000005e   Code   RO         9212    x$fpl$dfix          fz_wm.l(dfix.o)
    0x080137f6   0x080137f6   0x00000002   PAD
    0x080137f8   0x080137f8   0x0000005a   Code   RO         9216    x$fpl$dfixu         fz_wm.l(dfixu.o)
    0x08013852   0x08013852   0x0000002e   Code   RO         9221    x$fpl$dflt          fz_wm.l(dflt_clz.o)
    0x08013880   0x08013880   0x00000026   Code   RO         9220    x$fpl$dfltu         fz_wm.l(dflt_clz.o)
    0x080138a6   0x080138a6   0x00000002   PAD
    0x080138a8   0x080138a8   0x00000078   Code   RO         9226    x$fpl$dleqf         fz_wm.l(dleqf.o)
    0x08013920   0x08013920   0x00000154   Code   RO         9228    x$fpl$dmul          fz_wm.l(dmul.o)
    0x08013a74   0x08013a74   0x0000009c   Code   RO         9307    x$fpl$dnaninf       fz_wm.l(dnaninf.o)
    0x08013b10   0x08013b10   0x0000000c   Code   RO         9309    x$fpl$dretinf       fz_wm.l(dretinf.o)
    0x08013b1c   0x08013b1c   0x0000006c   Code   RO         9230    x$fpl$drleqf        fz_wm.l(drleqf.o)
    0x08013b88   0x08013b88   0x00000016   Code   RO         9201    x$fpl$drsb          fz_wm.l(daddsub_clz.o)
    0x08013b9e   0x08013b9e   0x00000002   PAD
    0x08013ba0   0x08013ba0   0x00000198   Code   RO         9423    x$fpl$dsqrt         fz_wm.l(dsqrt_umaal.o)
    0x08013d38   0x08013d38   0x000001d4   Code   RO         9202    x$fpl$dsub          fz_wm.l(daddsub_clz.o)
    0x08013f0c   0x08013f0c   0x00000056   Code   RO         9232    x$fpl$f2d           fz_wm.l(f2d.o)
    0x08013f62   0x08013f62   0x0000008c   Code   RO         9311    x$fpl$fnaninf       fz_wm.l(fnaninf.o)
    0x08013fee   0x08013fee   0x0000000a   Code   RO         9530    x$fpl$fpinit        fz_wm.l(fpinit.o)
    0x08013ff8   0x08013ff8   0x0000000a   Code   RO         9313    x$fpl$fretinf       fz_wm.l(fretinf.o)
    0x08014002   0x08014002   0x00000006   Code   RO         9429    x$fpl$ieeestatus    fz_wm.l(istatus.o)
    0x08014008   0x08014008   0x00000004   Code   RO         9234    x$fpl$printf1       fz_wm.l(printf1.o)
    0x0801400c   0x0801400c   0x00000064   Code   RO         9510    x$fpl$retnan        fz_wm.l(retnan.o)
    0x08014070   0x08014070   0x0000005c   Code   RO         9315    x$fpl$scalbn        fz_wm.l(scalbn.o)
    0x080140cc   0x080140cc   0x00000004   Code   RO         9236    x$fpl$scanf1        fz_wm.l(scanf1.o)
    0x080140d0   0x080140d0   0x00000008   Code   RO         9431    x$fpl$scanf2        fz_wm.l(scanf2.o)
    0x080140d8   0x080140d8   0x00000030   Code   RO         9532    x$fpl$trapveneer    fz_wm.l(trapv.o)
    0x08014108   0x08014108   0x00000000   Code   RO         9317    x$fpl$usenofp       fz_wm.l(usenofp.o)
    0x08014108   0x08014108   0x00000024   Data   RO          374    .constdata          freertos.o
    0x0801412c   0x0801412c   0x00004740   Data   RO         1723    .constdata          lcd.o
    0x0801886c   0x0801886c   0x00000007   Data   RO         2369    .constdata          cjson.o
    0x08018873   0x08018873   0x00000001   PAD
    0x08018874   0x08018874   0x00000024   Data   RO         3077    .constdata          malloc.o
    0x08018898   0x08018898   0x00000008   Data   RO         3958    .constdata          stm32f4xx_hal_dma.o
    0x080188a0   0x080188a0   0x00000010   Data   RO         7278    .constdata          system_stm32f4xx.o
    0x080188b0   0x080188b0   0x00000008   Data   RO         7279    .constdata          system_stm32f4xx.o
    0x080188b8   0x080188b8   0x00000028   Data   RO         9121    .constdata          c_w.l(_printf_hex_int.o)
    0x080188e0   0x080188e0   0x00000011   Data   RO         9151    .constdata          c_w.l(__printf_flags_wp.o)
    0x080188f1   0x080188f1   0x00000007   PAD
    0x080188f8   0x080188f8   0x00000088   Data   RO         9253    .constdata          m_wm.l(pow.o)
    0x08018980   0x08018980   0x00000008   Data   RO         9336    .constdata          m_wm.l(qnan.o)
    0x08018988   0x08018988   0x00000094   Data   RO         9387    .constdata          c_w.l(bigflt0.o)
    0x08018a1c   0x08018a1c   0x00000009   Data   RO          375    .conststring        freertos.o
    0x08018a25   0x08018a25   0x00000003   PAD
    0x08018a28   0x08018a28   0x00000004   Data   RO         2711    .conststring        mqttkit.o
    0x08018a2c   0x08018a2c   0x00000058   Data   RO         2914    .conststring        onenet.o
    0x08018a84   0x08018a84   0x00000020   Data   RO         9613    Region$$Table       anon$$obj.o
    0x08018aa4   0x08018aa4   0x00000008   Data   RO         9425    c$$dinf             fz_wm.l(fpconst.o)
    0x08018aac   0x08018aac   0x00000008   Data   RO         9428    c$$dmax             fz_wm.l(fpconst.o)
    0x08018ab4   0x08018ab4   0x00000110   Data   RO         9415    locale$$data        c_w.l(lc_ctype_c.o)
    0x08018bc4   0x08018bc4   0x0000001c   Data   RO         9418    locale$$data        c_w.l(lc_numeric_c.o)


    Execution Region RW_IRAM2 (Exec base: 0x10000000, Load base: 0x08018c38, Size: 0x0000ff00, Max: 0x00010000, ABSOLUTE)

    Exec Addr    Load Addr    Size         Type   Attr      Idx    E Section Name        Object

    0x10000000        -       0x0000f000   Zero   RW         3071    .ARM.__AT_0x10000000  malloc.o
    0x1000f000        -       0x00000f00   Zero   RW         3072    .ARM.__AT_0x1000F000  malloc.o


    Execution Region RW_IRAM1 (Exec base: 0x20000000, Load base: 0x08018be0, Size: 0x00017058, Max: 0x00030000, ABSOLUTE, COMPRESSED[0x00000058])

    Exec Addr    Load Addr    Size         Type   Attr      Idx    E Section Name        Object

    0x20000000   COMPRESSED   0x00000002   Data   RW           18    .data               main.o
    0x20000002   COMPRESSED   0x00000002   PAD
    0x20000004   COMPRESSED   0x00000004   Data   RW          376    .data               freertos.o
    0x20000008   COMPRESSED   0x00000008   Data   RW          489    .data               fmc.o
    0x20000010   COMPRESSED   0x00000004   Data   RW          765    .data               usart.o
    0x20000014   COMPRESSED   0x00000004   Data   RW          849    .data               stm32f4xx_it.o
    0x20000018   COMPRESSED   0x00000003   Data   RW         1145    .data               app.o
    0x2000001b   COMPRESSED   0x00000001   PAD
    0x2000001c   COMPRESSED   0x00000004   Data   RW         1250    .data               public.o
    0x20000020   COMPRESSED   0x00000001   Data   RW         1253    .data               public.o
    0x20000021   COMPRESSED   0x00000001   Data   RW         1254    .data               public.o
    0x20000022   COMPRESSED   0x00000002   Data   RW         1255    .data               public.o
    0x20000024   COMPRESSED   0x00000001   Data   RW         1256    .data               public.o
    0x20000025   COMPRESSED   0x00000001   Data   RW         1258    .data               public.o
    0x20000026   COMPRESSED   0x00000001   Data   RW         1259    .data               public.o
    0x20000027   COMPRESSED   0x00000001   Data   RW         1260    .data               public.o
    0x20000028   COMPRESSED   0x00000001   Data   RW         1261    .data               public.o
    0x20000029   COMPRESSED   0x00000001   Data   RW         1262    .data               public.o
    0x2000002a   COMPRESSED   0x00000006   PAD
    0x20000030   COMPRESSED   0x00000008   Data   RW         1263    .data               public.o
    0x20000038   COMPRESSED   0x00000008   Data   RW         1264    .data               public.o
    0x20000040   COMPRESSED   0x00000004   Data   RW         1265    .data               public.o
    0x20000044   COMPRESSED   0x00000004   Data   RW         1266    .data               public.o
    0x20000048   COMPRESSED   0x00000004   Data   RW         1267    .data               public.o
    0x2000004c   COMPRESSED   0x00000004   PAD
    0x20000050   COMPRESSED   0x00000008   Data   RW         1268    .data               public.o
    0x20000058   COMPRESSED   0x00000002   Data   RW         1269    .data               public.o
    0x2000005a   COMPRESSED   0x00000001   Data   RW         1270    .data               public.o
    0x2000005b   COMPRESSED   0x00000001   Data   RW         1271    .data               public.o
    0x2000005c   COMPRESSED   0x00000001   Data   RW         1272    .data               public.o
    0x2000005d   COMPRESSED   0x00000001   Data   RW         1273    .data               public.o
    0x2000005e   COMPRESSED   0x00000001   Data   RW         1274    .data               public.o
    0x2000005f   COMPRESSED   0x00000001   Data   RW         1275    .data               public.o
    0x20000060   COMPRESSED   0x00000004   Data   RW         1277    .data               public.o
    0x20000064   COMPRESSED   0x00000004   Data   RW         1278    .data               public.o
    0x20000068   COMPRESSED   0x00000004   Data   RW         1279    .data               public.o
    0x2000006c   COMPRESSED   0x00000004   Data   RW         1280    .data               public.o
    0x20000070   COMPRESSED   0x00000001   Data   RW         1283    .data               public.o
    0x20000071   COMPRESSED   0x00000001   Data   RW         1284    .data               public.o
    0x20000072   COMPRESSED   0x00000001   Data   RW         1285    .data               public.o
    0x20000073   COMPRESSED   0x00000001   PAD
    0x20000074   COMPRESSED   0x00000002   Data   RW         1286    .data               public.o
    0x20000076   COMPRESSED   0x00000001   Data   RW         1287    .data               public.o
    0x20000077   COMPRESSED   0x00000001   PAD
    0x20000078   COMPRESSED   0x00000004   Data   RW         1288    .data               public.o
    0x2000007c   COMPRESSED   0x00000004   Data   RW         1289    .data               public.o
    0x20000080   COMPRESSED   0x00000004   Data   RW         1291    .data               public.o
    0x20000084   COMPRESSED   0x00000004   Data   RW         1293    .data               public.o
    0x20000088   COMPRESSED   0x00000004   Data   RW         1294    .data               public.o
    0x2000008c   COMPRESSED   0x00000004   Data   RW         1295    .data               public.o
    0x20000090   COMPRESSED   0x00000004   Data   RW         1296    .data               public.o
    0x20000094   COMPRESSED   0x00000004   Data   RW         1297    .data               public.o
    0x20000098   COMPRESSED   0x00000004   Data   RW         1298    .data               public.o
    0x2000009c   COMPRESSED   0x00000004   Data   RW         1299    .data               public.o
    0x200000a0   COMPRESSED   0x00000004   Data   RW         1300    .data               public.o
    0x200000a4   COMPRESSED   0x00000014   Data   RW         1348    .data               thread.o
    0x200000b8   COMPRESSED   0x00000020   Data   RW         1448    .data               delay.o
    0x200000d8   COMPRESSED   0x00000001   Data   RW         1662    .data               key.o
    0x200000d9   COMPRESSED   0x00000003   PAD
    0x200000dc   COMPRESSED   0x00000008   Data   RW         1724    .data               lcd.o
    0x200000e4   COMPRESSED   0x0000000b   Data   RW         1976    .data               rc522.o
    0x200000ef   COMPRESSED   0x00000001   PAD
    0x200000f0   COMPRESSED   0x00000002   Data   RW         2192    .data               w25qxx.o
    0x200000f2   COMPRESSED   0x00000002   PAD
    0x200000f4   COMPRESSED   0x0000000c   Data   RW         2370    .data               cjson.o
    0x20000100   COMPRESSED   0x00000004   Data   RW         2713    .data               mqttkit.o
    0x20000104   COMPRESSED   0x00000002   Data   RW         2916    .data               onenet.o
    0x20000106   COMPRESSED   0x00000001   Data   RW         3011    .data               wifi.o
    0x20000107   COMPRESSED   0x00000001   PAD
    0x20000108   COMPRESSED   0x00000024   Data   RW         3078    .data               malloc.o
    0x2000012c   COMPRESSED   0x0000000c   Data   RW         4405    .data               stm32f4xx_hal.o
    0x20000138   COMPRESSED   0x00000004   Data   RW         7280    .data               system_stm32f4xx.o
    0x2000013c   COMPRESSED   0x0000003c   Data   RW         7969    .data               tasks.o
    0x20000178   COMPRESSED   0x00000014   Data   RW         8300    .data               timers.o
    0x2000018c   COMPRESSED   0x00000014   Data   RW         8526    .data               cmsis_os2.o
    0x200001a0   COMPRESSED   0x00000020   Data   RW         8974    .data               heap_5.o
    0x200001c0   COMPRESSED   0x0000000c   Data   RW         9026    .data               port.o
    0x200001cc        -       0x00000040   Zero   RW           17    .bss                main.o
    0x2000020c        -       0x000000a8   Zero   RW          418    .bss                adc.o
    0x200002b4        -       0x00000084   Zero   RW          488    .bss                fmc.o
    0x20000338        -       0x00000054   Zero   RW          549    .bss                i2c.o
    0x2000038c        -       0x0000000c   Zero   RW          589    .bss                iwdg.o
    0x20000398        -       0x000000b0   Zero   RW          624    .bss                spi.o
    0x20000448        -       0x000001b0   Zero   RW          687    .bss                tim.o
    0x200005f8        -       0x00000230   Zero   RW          764    .bss                usart.o
    0x20000828        -       0x00000048   Zero   RW          976    .bss                stm32f4xx_hal_timebase_tim.o
    0x20000870        -       0x000000c0   Zero   RW         1144    .bss                app.o
    0x20000930        -       0x00000400   Zero   RW         1248    .bss                public.o
    0x20000d30        -       0x000000a0   Zero   RW         1249    .bss                public.o
    0x20000dd0        -       0x000001e4   Zero   RW         1347    .bss                thread.o
    0x20000fb4        -       0x00000029   Zero   RW         1558    .bss                fontupd.o
    0x20000fdd   COMPRESSED   0x00000003   PAD
    0x20000fe0        -       0x00000028   Zero   RW         1612    .bss                hc-sr04.o
    0x20001008        -       0x0000005e   Zero   RW         1722    .bss                lcd.o
    0x20001066   COMPRESSED   0x00000002   PAD
    0x20001068        -       0x00000034   Zero   RW         2085    .bss                sdram.o
    0x2000109c   COMPRESSED   0x00000004   PAD
    0x200010a0        -       0x0000c800   Zero   RW         3075    .bss                malloc.o
    0x2000d8a0        -       0x00000c80   Zero   RW         3076    .bss                malloc.o
    0x2000e520        -       0x00000040   Zero   RW         7547    .bss                queue.o
    0x2000e560        -       0x000004c4   Zero   RW         7968    .bss                tasks.o
    0x2000ea24        -       0x00000118   Zero   RW         8299    .bss                timers.o
    0x2000eb3c        -       0x000006b8   Zero   RW         8524    .bss                cmsis_os2.o
    0x2000f1f4        -       0x00007800   Zero   RW         8525    .bss                cmsis_os2.o
    0x200169f4        -       0x00000060   Zero   RW         9350    .bss                c_w.l(libspace.o)
    0x20016a54   COMPRESSED   0x00000004   PAD
    0x20016a58        -       0x00000200   Zero   RW            2    HEAP                startup_stm32f429xx.o
    0x20016c58        -       0x00000400   Zero   RW            1    STACK               startup_stm32f429xx.o



  Load Region LR$$.ARM.__AT_0xC01F4000 (Base: 0xc01f4000, Size: 0x00000000, Max: 0x01c3c000, ABSOLUTE)

    Execution Region ER$$.ARM.__AT_0xC01F4000 (Exec base: 0xc01f4000, Load base: 0xc01f4000, Size: 0x01c3c000, Max: 0x01c3c000, ABSOLUTE, UNINIT)

    Exec Addr    Load Addr    Size         Type   Attr      Idx    E Section Name        Object

    0xc01f4000        -       0x01c3c000   Zero   RW         3073    .ARM.__AT_0xC01F4000  malloc.o



  Load Region LR$$.ARM.__AT_0xC1E30000 (Base: 0xc1e30000, Size: 0x00000000, Max: 0x001c3c00, ABSOLUTE)

    Execution Region ER$$.ARM.__AT_0xC1E30000 (Exec base: 0xc1e30000, Load base: 0xc1e30000, Size: 0x001c3c00, Max: 0x001c3c00, ABSOLUTE, UNINIT)

    Exec Addr    Load Addr    Size         Type   Attr      Idx    E Section Name        Object

    0xc1e30000        -       0x001c3c00   Zero   RW         3074    .ARM.__AT_0xC1E30000  malloc.o


==============================================================================

Image component sizes


      Code (inc. data)   RO Data    RW Data    ZI Data      Debug   Object Name

       312         52          0          0          0       2647   24c02.o
       320         34          0          0        168       1915   adc.o
      2136        834          0          3        192       8956   app.o
      4528        284          7         12          0      26256   cjson.o
       338         24          0         20      32440      65919   cmsis_os2.o
         0          0          0          0          0       7168   croutine.o
       344         88          0         32          0       4057   delay.o
       448         32          0          0          0       4172   dht11.o
       108          4          0          0          0        870   dma.o
        48         10          0          0          0        602   duoji.o
         0          0          0          0          0      19668   event_groups.o
       420         38          0          8        132       2906   fmc.o
        64          6          0          0         41       3384   fontupd.o
       648        234         45          4          0       2089   freertos.o
       488         40          0          0          0       1299   gpio.o
       516         68          0          0         40       4153   hc-sr04.o
       536         22          0         32          0       5724   heap_5.o
       196         26          0          0         84       1773   i2c.o
         0          0          0          0         12        216   iwdg.o
       332         20          0          1          0        923   key.o
     11110        160      18240          8         94      21526   lcd.o
       138          0          0          0          0       3790   list.o
       780        124          0          2         64     826773   main.o
       466         74         36         36   31575936       7186   malloc.o
      2262         34          4          4          0      16643   mqttkit.o
      3498       1548         88          2          0      10938   onenet.o
       220         62          0          0          0       3226   pcf8574.o
       786         82          0         12          0      11989   port.o
         0          0          0        124       1184       2512   public.o
      2000         24          0          0         64      22156   queue.o
      1372        236          0         11          0      10392   rc522.o
       228         20          0          0         52       2526   sdram.o
       404         48          0          0        176       3615   spi.o
        64         26        428          0       1536        884   startup_stm32f429xx.o
        80         14          0         12          0       8470   stm32f4xx_hal.o
      1224         72          0          0          0       7897   stm32f4xx_hal_adc.o
       158         14          0          0          0      33366   stm32f4xx_hal_cortex.o
      1084         16          8          0          0       7706   stm32f4xx_hal_dma.o
       600         54          0          0          0       3712   stm32f4xx_hal_gpio.o
      3346         86          0          0          0      18241   stm32f4xx_hal_i2c.o
       128          0          0          0          0       1979   stm32f4xx_hal_i2c_ex.o
        12          0          0          0          0       1191   stm32f4xx_hal_iwdg.o
        56          4          0          0          0        902   stm32f4xx_hal_msp.o
       112         14          0          0          0       1368   stm32f4xx_hal_pwr_ex.o
      1412         86          0          0          0       6177   stm32f4xx_hal_rcc.o
       172          0          0          0          0       3000   stm32f4xx_hal_sdram.o
      1300         12          0          0          0       6680   stm32f4xx_hal_spi.o
        92          0          0          0          0       1300   stm32f4xx_hal_sram.o
      3056        222          0          0          0      24709   stm32f4xx_hal_tim.o
       148         28          0          0          0       2613   stm32f4xx_hal_tim_ex.o
       152         20          0          0         72     798108   stm32f4xx_hal_timebase_tim.o
      2056         44          0          0          0      17499   stm32f4xx_hal_uart.o
       436        170          0          4          0       8568   stm32f4xx_it.o
       650         24          0          0          0       7552   stm32f4xx_ll_fmc.o
         0          0          0          0          0       1016   stream_buffer.o
        16          4         24          4          0       1247   system_stm32f4xx.o
      2704        222          0         60       1220      33334   tasks.o
       466         14          0          0          0       3643   text.o
      3656       1366          0         20        484       5550   thread.o
      1204        114          0          0        432       6473   tim.o
       972         80          0         20        280      32811   timers.o
       770         88          0          4        560       6474   usart.o
       300         30          0          2          0       3480   w25qxx.o
      1140        496          0          1          0       4790   wifi.o

    ----------------------------------------------------------------------
     62696       7548      18916        460   31615272    2168709   Object Totals
         0          0         32          0          0          0   (incl. Generated)
        84          0          4         22          9          0   (incl. Padding)

    ----------------------------------------------------------------------

      Code (inc. data)   RO Data    RW Data    ZI Data      Debug   Library Member Name

        60          8          0          0          0         84   __0sscanf.o
        90          0          0          0          0          0   __dczerorl2.o
         8          0          0          0          0         68   __main.o
       312          4         17          0          0         92   __printf_flags_wp.o
        14          0          0          0          0         68   __printf_wp.o
         0          0          0          0          0          0   __rtentry.o
        12          0          0          0          0          0   __rtentry2.o
         6          0          0          0          0          0   __rtentry4.o
        52          8          0          0          0          0   __scatter.o
        28          0          0          0          0          0   __scatter_zi.o
        28          0          0          0          0         68   _chval.o
        44          0          0          0          0        108   _printf_char.o
        48          6          0          0          0         96   _printf_char_common.o
        36          4          0          0          0         80   _printf_char_file.o
         6          0          0          0          0          0   _printf_d.o
       120         16          0          0          0         92   _printf_dec.o
         6          0          0          0          0          0   _printf_e.o
         6          0          0          0          0          0   _printf_f.o
      1054          0          0          0          0        216   _printf_fp_dec.o
       128         16          0          0          0         84   _printf_fp_infnan.o
        88          4         40          0          0         88   _printf_hex_int.o
       178          0          0          0          0         88   _printf_intcommon.o
        78          0          0          0          0        108   _printf_pad.o
         0          0          0          0          0          0   _printf_percent.o
         4          0          0          0          0          0   _printf_percent_end.o
         6          0          0          0          0          0   _printf_s.o
        82          0          0          0          0         80   _printf_str.o
         6          0          0          0          0          0   _printf_x.o
        22          0          0          0          0        100   _rserrno.o
       884          6          0          0          0        100   _scanf.o
       332          0          0          0          0         96   _scanf_int.o
        64          0          0          0          0         84   _sgetc.o
        10          0          0          0          0         68   _sputc.o
       158          0          0          0          0         92   _strtoul.o
        16          0          0          0          0         68   aeabi_memset.o
        26          0          0          0          0         80   atoi.o
       228          4        148          0          0         96   bigflt0.o
      2152        136          0          0          0        960   btod.o
        18          0          0          0          0         80   exit.o
         8          0          0          0          0         68   ferror.o
         6          0          0          0          0        152   heapauxi.o
        18          0          0          0          0         76   isspace.o
        44         10        272          0          0         76   lc_ctype_c.o
        44         10         28          0          0         76   lc_numeric_c.o
         2          0          0          0          0          0   libinit.o
        34          0          0          0          0          0   libinit2.o
         2          0          0          0          0          0   libshutdown.o
         2          0          0          0          0          0   libshutdown2.o
         8          4          0          0         96         68   libspace.o
        38          0          0          0          0         68   llshl.o
       138          0          0          0          0         80   lludiv10.o
       238          0          0          0          0        100   lludivv7m.o
        24          4          0          0          0         84   noretval__2printf.o
        40          6          0          0          0         84   noretval__2sprintf.o
        16          4          0          0          0         76   rt_ctype_table.o
         8          4          0          0          0         68   rt_errno_addr_intlibspace.o
         8          4          0          0          0         68   rt_locale_intlibspace.o
        68          0          0          0          0         68   rt_memclr.o
        78          0          0          0          0         80   rt_memclr_w.o
       138          0          0          0          0         68   rt_memcpy_v6.o
       100          0          0          0          0         80   rt_memcpy_w.o
         2          0          0          0          0          0   rtexit.o
        10          0          0          0          0          0   rtexit2.o
        44          8          0          0          0         84   scanf_char.o
      1272         16          0          0          0        168   scanf_fp.o
       800         14          0          0          0        100   scanf_hexfp.o
       308         16          0          0          0        100   scanf_infnan.o
        20          0          0          0          0         68   strchr.o
       128          0          0          0          0         68   strcmpv7m.o
        72          0          0          0          0         80   strcpy.o
        62          0          0          0          0         76   strlen.o
        36          0          0          0          0         76   strncat.o
       150          0          0          0          0         80   strncmp.o
        36          0          0          0          0         80   strstr.o
       112          0          0          0          0         88   strtol.o
        74          0          0          0          0         80   sys_stackheap_outer.o
        26          0          0          0          0         76   tolower.o
         2          0          0          0          0         68   use_no_semi.o
         2          0          0          0          0         68   use_no_semi_2.o
        24          0          0          0          0        164   basic.o
        98          4          0          0          0        140   d2f.o
       826         16          0          0          0        492   daddsub_clz.o
        16          4          0          0          0        116   dcheck1.o
        24          0          0          0          0        116   dcmpi.o
       688        140          0          0          0        256   ddiv.o
       120          4          0          0          0        140   deqf.o
        94          4          0          0          0        140   dfix.o
        90          4          0          0          0        140   dfixu.o
        84          0          0          0          0        232   dflt_clz.o
       120          4          0          0          0        140   dleqf.o
       340         12          0          0          0        152   dmul.o
       156          4          0          0          0        140   dnaninf.o
        12          0          0          0          0        116   dretinf.o
       108          0          0          0          0        128   drleqf.o
       408         56          0          0          0        168   dsqrt_umaal.o
        86          4          0          0          0        132   f2d.o
       140          4          0          0          0        132   fnaninf.o
         0          0         16          0          0          0   fpconst.o
        10          0          0          0          0        116   fpinit.o
        10          0          0          0          0        116   fretinf.o
         6          0          0          0          0        116   istatus.o
         4          0          0          0          0        116   printf1.o
       100          0          0          0          0        116   retnan.o
        92          0          0          0          0        116   scalbn.o
         4          0          0          0          0        116   scanf1.o
         8          0          0          0          0        132   scanf2.o
        48          0          0          0          0        116   trapv.o
         0          0          0          0          0          0   usenofp.o
       164         44          0          0          0        620   dunder.o
        44          0          0          0          0        248   fabs.o
       280         28          0          0          0        156   floor.o
        48          0          0          0          0        124   fpclassify.o
       140         22          0          0          0        132   frexp.o
       228          8          0          0          0        308   ldexp.o
       266         16          0          0          0        308   narrow.o
       248          0          0          0          0        152   poly.o
      3152        296        136          0          0        352   pow.o
         0          0          8          0          0          0   qnan.o
       110          0          0          0          0        148   sqrt.o

    ----------------------------------------------------------------------
     19060        988        672          0        100      12696   Library Totals
        36          2          7          0          4          0   (incl. Padding)

    ----------------------------------------------------------------------

      Code (inc. data)   RO Data    RW Data    ZI Data      Debug   Library Name

     10628        312        505          0         96       6044   c_w.l
      3716        260         16          0          0       4104   fz_wm.l
      4680        414        144          0          0       2548   m_wm.l

    ----------------------------------------------------------------------
     19060        988        672          0        100      12696   Library Totals

    ----------------------------------------------------------------------

==============================================================================


      Code (inc. data)   RO Data    RW Data    ZI Data      Debug   

     81756       8536      19588        460   31615372    2132721   Grand Totals
     81756       8536      19588         88   31615372    2132721   ELF Image Totals (compressed)
     81756       8536      19588         88          0          0   ROM Totals

==============================================================================

    Total RO  Size (Code + RO Data)               101344 (  98.97kB)
    Total RW  Size (RW Data + ZI Data)          31615832 (30874.84kB)
    Total ROM Size (Code + RO Data + RW Data)     101432 (  99.05kB)

==============================================================================

